
> alert-service@1.0.0 dev
> ts-node-dev src/server.ts

[INFO] 12:52:51 ts-node-dev ver. 2.0.0 (using ts-node ver. 10.9.2, typescript ver. 6.0.3)
◇ injected env (12) from .env // tip: ◈ secrets for agents [www.dotenvx.com]
(node:14808) TimeoutNegativeWarning: -1780730582650 is a negative number.
Timeout duration was set to 1.
(Use `node --trace-warnings ...` to show where the warning was created)
{"level":"INFO","timestamp":"2026-06-06T07:23:02.661Z","logger":"kafkajs","message":"[Consumer] Starting","groupId":"alert-service-group"}
{"level":"INFO","timestamp":"2026-06-06T07:23:05.707Z","logger":"kafkajs","message":"[ConsumerGroup] Consumer has joined the group","groupId":"alert-service-group","memberId":"observability-platform-1942badd-88bc-465c-b7ae-1daefddf1f06","leaderId":"observability-platform-1942badd-88bc-465c-b7ae-1daefddf1f06","isLeader":true,"memberAssignment":{"events":[0]},"groupProtocol":"RoundRobinAssigner","duration":3043}
{"level":30,"time":1780730585741,"pid":14808,"hostname":"Prakhar","msg":"Server listening at http://127.0.0.1:5003"}
{"level":30,"time":1780730585741,"pid":14808,"hostname":"Prakhar","msg":"Server listening at http://172.25.0.1:5003"}
{"level":30,"time":1780730585741,"pid":14808,"hostname":"Prakhar","msg":"Server listening at http://192.168.56.1:5003"}
{"level":30,"time":1780730585741,"pid":14808,"hostname":"Prakhar","msg":"Server listening at http://192.168.29.240:5003"}
{"level":30,"time":1780730585741,"pid":14808,"hostname":"Prakhar","msg":"Alert service listening on port 5003"}
{"level":"ERROR","timestamp":"2026-06-06T07:26:16.054Z","logger":"kafkajs","message":"[Connection] Response Heartbeat(key: 12, version: 3)","broker":"localhost:9092","clientId":"observability-platform","error":"The group is rebalancing, so a rejoin is needed","correlationId":45,"size":10}
{"level":"WARN","timestamp":"2026-06-06T07:26:16.055Z","logger":"kafkajs","message":"[Runner] The group is rebalancing, re-joining","groupId":"alert-service-group","memberId":"observability-platform-1942badd-88bc-465c-b7ae-1daefddf1f06","error":"The group is rebalancing, so a rejoin is needed"}
{"level":"INFO","timestamp":"2026-06-06T07:26:16.072Z","logger":"kafkajs","message":"[ConsumerGroup] Consumer has joined the group","groupId":"alert-service-group","memberId":"observability-platform-1942badd-88bc-465c-b7ae-1daefddf1f06","leaderId":"observability-platform-1942badd-88bc-465c-b7ae-1daefddf1f06","isLeader":true,"memberAssignment":{"events":[0]},"groupProtocol":"RoundRobinAssigner","duration":17}
{"level":"ERROR","timestamp":"2026-06-06T07:26:46.129Z","logger":"kafkajs","message":"[Connection] Response Heartbeat(key: 12, version: 3)","broker":"localhost:9092","clientId":"observability-platform","error":"The group is rebalancing, so a rejoin is needed","correlationId":56,"size":10}
{"level":"WARN","timestamp":"2026-06-06T07:26:46.130Z","logger":"kafkajs","message":"[Runner] The group is rebalancing, re-joining","groupId":"alert-service-group","memberId":"observability-platform-1942badd-88bc-465c-b7ae-1daefddf1f06","error":"The group is rebalancing, so a rejoin is needed"}
{"level":"INFO","timestamp":"2026-06-06T07:26:46.157Z","logger":"kafkajs","message":"[ConsumerGroup] Consumer has joined the group","groupId":"alert-service-group","memberId":"observability-platform-1942badd-88bc-465c-b7ae-1daefddf1f06","leaderId":"observability-platform-1942badd-88bc-465c-b7ae-1daefddf1f06","isLeader":true,"memberAssignment":{"events":[0]},"groupProtocol":"RoundRobinAssigner","duration":27}
{"level":50,"time":1780730948891,"pid":14808,"hostname":"Prakhar","err":{"type":"PrismaClientKnownRequestError","message":"\nInvalid `prisma.alert.create()` invocation in\nD:\\Track 1\\apps\\alert-service\\src\\server.ts:97:44\n\n  94 \n  95 if (triggerAlert && event.tenantId) {\n  96   try {\n→ 97     const alert = await prisma.alert.create(\nForeign key constraint violated: `Alert_organizationId_fkey (index)`","stack":"PrismaClientKnownRequestError: \nInvalid `prisma.alert.create()` invocation in\nD:\\Track 1\\apps\\alert-service\\src\\server.ts:97:44\n\n  94 \n  95 if (triggerAlert && event.tenantId) {\n  96   try {\n→ 97     const alert = await prisma.alert.create(\nForeign key constraint violated: `Alert_organizationId_fkey (index)`\n    at $n.handleRequestError (D:\\Track 1\\node_modules\\@prisma\\client\\runtime\\library.js:121:7315)\n    at $n.handleAndLogRequestError (D:\\Track 1\\node_modules\\@prisma\\client\\runtime\\library.js:121:6623)\n    at $n.request (D:\\Track 1\\node_modules\\@prisma\\client\\runtime\\library.js:121:6307)\n    at l (D:\\Track 1\\node_modules\\@prisma\\client\\runtime\\library.js:130:9633)\n    at D:\\Track 1\\apps\\alert-service\\src\\server.ts:97:25\n    at Runner.eachMessage (D:\\Track 1\\packages\\kafka\\src\\consumer.js:12:13)\n    at Runner.processEachMessage (D:\\Track 1\\node_modules\\kafkajs\\src\\consumer\\runner.js:231:9)\n    at onBatch (D:\\Track 1\\node_modules\\kafkajs\\src\\consumer\\runner.js:447:9)\n    at Runner.handleBatch (D:\\Track 1\\node_modules\\kafkajs\\src\\consumer\\runner.js:461:5)\n    at D:\\Track 1\\node_modules\\kafkajs\\src\\consumer\\worker.js:29:9","name":"PrismaClientKnownRequestError","code":"P2003","clientVersion":"5.22.0","meta":{"modelName":"Alert","field_name":"Alert_organizationId_fkey (index)"}},"tenantId":"anonymous","msg":"Failed to persist alert"}
{"level":50,"time":1780730948905,"pid":14808,"hostname":"Prakhar","err":{"type":"PrismaClientKnownRequestError","message":"\nInvalid `prisma.alert.create()` invocation in\nD:\\Track 1\\apps\\alert-service\\src\\server.ts:97:44\n\n  94 \n  95 if (triggerAlert && event.tenantId) {\n  96   try {\n→ 97     const alert = await prisma.alert.create(\nForeign key constraint violated: `Alert_organizationId_fkey (index)`","stack":"PrismaClientKnownRequestError: \nInvalid `prisma.alert.create()` invocation in\nD:\\Track 1\\apps\\alert-service\\src\\server.ts:97:44\n\n  94 \n  95 if (triggerAlert && event.tenantId) {\n  96   try {\n→ 97     const alert = await prisma.alert.create(\nForeign key constraint violated: `Alert_organizationId_fkey (index)`\n    at $n.handleRequestError (D:\\Track 1\\node_modules\\@prisma\\client\\runtime\\library.js:121:7315)\n    at $n.handleAndLogRequestError (D:\\Track 1\\node_modules\\@prisma\\client\\runtime\\library.js:121:6623)\n    at $n.request (D:\\Track 1\\node_modules\\@prisma\\client\\runtime\\library.js:121:6307)\n    at l (D:\\Track 1\\node_modules\\@prisma\\client\\runtime\\library.js:130:9633)\n    at D:\\Track 1\\apps\\alert-service\\src\\server.ts:97:25\n    at Runner.eachMessage (D:\\Track 1\\packages\\kafka\\src\\consumer.js:12:13)\n    at Runner.processEachMessage (D:\\Track 1\\node_modules\\kafkajs\\src\\consumer\\runner.js:231:9)\n    at onBatch (D:\\Track 1\\node_modules\\kafkajs\\src\\consumer\\runner.js:447:9)\n    at Runner.handleBatch (D:\\Track 1\\node_modules\\kafkajs\\src\\consumer\\runner.js:461:5)\n    at D:\\Track 1\\node_modules\\kafkajs\\src\\consumer\\worker.js:29:9","name":"PrismaClientKnownRequestError","code":"P2003","clientVersion":"5.22.0","meta":{"modelName":"Alert","field_name":"Alert_organizationId_fkey (index)"}},"tenantId":"anonymous","msg":"Failed to persist alert"}
{"level":50,"time":1780730948909,"pid":14808,"hostname":"Prakhar","err":{"type":"PrismaClientKnownRequestError","message":"\nInvalid `prisma.alert.create()` invocation in\nD:\\Track 1\\apps\\alert-service\\src\\server.ts:97:44\n\n  94 \n  95 if (triggerAlert && event.tenantId) {\n  96   try {\n→ 97     const alert = await prisma.alert.create(\nForeign key constraint violated: `Alert_organizationId_fkey (index)`","stack":"PrismaClientKnownRequestError: \nInvalid `prisma.alert.create()` invocation in\nD:\\Track 1\\apps\\alert-service\\src\\server.ts:97:44\n\n  94 \n  95 if (triggerAlert && event.tenantId) {\n  96   try {\n→ 97     const alert = await prisma.alert.create(\nForeign key constraint violated: `Alert_organizationId_fkey (index)`\n    at $n.handleRequestError (D:\\Track 1\\node_modules\\@prisma\\client\\runtime\\library.js:121:7315)\n    at $n.handleAndLogRequestError (D:\\Track 1\\node_modules\\@prisma\\client\\runtime\\library.js:121:6623)\n    at $n.request (D:\\Track 1\\node_modules\\@prisma\\client\\runtime\\library.js:121:6307)\n    at l (D:\\Track 1\\node_modules\\@prisma\\client\\runtime\\library.js:130:9633)\n    at D:\\Track 1\\apps\\alert-service\\src\\server.ts:97:25\n    at Runner.eachMessage (D:\\Track 1\\packages\\kafka\\src\\consumer.js:12:13)\n    at Runner.processEachMessage (D:\\Track 1\\node_modules\\kafkajs\\src\\consumer\\runner.js:231:9)\n    at onBatch (D:\\Track 1\\node_modules\\kafkajs\\src\\consumer\\runner.js:447:9)\n    at Runner.handleBatch (D:\\Track 1\\node_modules\\kafkajs\\src\\consumer\\runner.js:461:5)\n    at D:\\Track 1\\node_modules\\kafkajs\\src\\consumer\\worker.js:29:9","name":"PrismaClientKnownRequestError","code":"P2003","clientVersion":"5.22.0","meta":{"modelName":"Alert","field_name":"Alert_organizationId_fkey (index)"}},"tenantId":"anonymous","msg":"Failed to persist alert"}
{"level":50,"time":1780730948914,"pid":14808,"hostname":"Prakhar","err":{"type":"PrismaClientKnownRequestError","message":"\nInvalid `prisma.alert.create()` invocation in\nD:\\Track 1\\apps\\alert-service\\src\\server.ts:97:44\n\n  94 \n  95 if (triggerAlert && event.tenantId) {\n  96   try {\n→ 97     const alert = await prisma.alert.create(\nForeign key constraint violated: `Alert_organizationId_fkey (index)`","stack":"PrismaClientKnownRequestError: \nInvalid `prisma.alert.create()` invocation in\nD:\\Track 1\\apps\\alert-service\\src\\server.ts:97:44\n\n  94 \n  95 if (triggerAlert && event.tenantId) {\n  96   try {\n→ 97     const alert = await prisma.alert.create(\nForeign key constraint violated: `Alert_organizationId_fkey (index)`\n    at $n.handleRequestError (D:\\Track 1\\node_modules\\@prisma\\client\\runtime\\library.js:121:7315)\n    at $n.handleAndLogRequestError (D:\\Track 1\\node_modules\\@prisma\\client\\runtime\\library.js:121:6623)\n    at $n.request (D:\\Track 1\\node_modules\\@prisma\\client\\runtime\\library.js:121:6307)\n    at l (D:\\Track 1\\node_modules\\@prisma\\client\\runtime\\library.js:130:9633)\n    at D:\\Track 1\\apps\\alert-service\\src\\server.ts:97:25\n    at Runner.eachMessage (D:\\Track 1\\packages\\kafka\\src\\consumer.js:12:13)\n    at Runner.processEachMessage (D:\\Track 1\\node_modules\\kafkajs\\src\\consumer\\runner.js:231:9)\n    at onBatch (D:\\Track 1\\node_modules\\kafkajs\\src\\consumer\\runner.js:447:9)\n    at Runner.handleBatch (D:\\Track 1\\node_modules\\kafkajs\\src\\consumer\\runner.js:461:5)\n    at D:\\Track 1\\node_modules\\kafkajs\\src\\consumer\\worker.js:29:9","name":"PrismaClientKnownRequestError","code":"P2003","clientVersion":"5.22.0","meta":{"modelName":"Alert","field_name":"Alert_organizationId_fkey (index)"}},"tenantId":"anonymous","msg":"Failed to persist alert"}
{"level":30,"time":1780730948957,"pid":14808,"hostname":"Prakhar","reqId":"req-1","req":{"method":"OPTIONS","url":"/api/v1/alerts","host":"localhost:5003","remoteAddress":"127.0.0.1","remotePort":51757},"msg":"incoming request"}
{"level":30,"time":1780730948972,"pid":14808,"hostname":"Prakhar","reqId":"req-1","res":{"statusCode":204},"responseTime":13.405800014734268,"msg":"request completed"}
{"level":30,"time":1780730948975,"pid":14808,"hostname":"Prakhar","reqId":"req-2","req":{"method":"GET","url":"/api/v1/alerts","host":"localhost:5003","remoteAddress":"127.0.0.1","remotePort":51757},"msg":"incoming request"}
{"level":30,"time":1780730948988,"pid":14808,"hostname":"Prakhar","reqId":"req-3","req":{"method":"OPTIONS","url":"/api/v1/alerts","host":"localhost:5003","remoteAddress":"127.0.0.1","remotePort":55171},"msg":"incoming request"}
{"level":30,"time":1780730948990,"pid":14808,"hostname":"Prakhar","reqId":"req-3","res":{"statusCode":204},"responseTime":1.3463000059127808,"msg":"request completed"}
{"level":30,"time":1780730948995,"pid":14808,"hostname":"Prakhar","reqId":"req-2","res":{"statusCode":200},"responseTime":19.52590000629425,"msg":"request completed"}
{"level":30,"time":1780730948996,"pid":14808,"hostname":"Prakhar","reqId":"req-4","req":{"method":"GET","url":"/api/v1/alerts","host":"localhost:5003","remoteAddress":"127.0.0.1","remotePort":55171},"msg":"incoming request"}
{"level":30,"time":1780730949002,"pid":14808,"hostname":"Prakhar","reqId":"req-4","res":{"statusCode":200},"responseTime":5.329299986362457,"msg":"request completed"}
{"level":30,"time":1780730949026,"pid":14808,"hostname":"Prakhar","reqId":"req-5","req":{"method":"GET","url":"/api/v1/alerts","host":"localhost:5003","remoteAddress":"127.0.0.1","remotePort":55171},"msg":"incoming request"}
{"level":30,"time":1780730949029,"pid":14808,"hostname":"Prakhar","reqId":"req-5","res":{"statusCode":200},"responseTime":2.8447000086307526,"msg":"request completed"}
{"level":50,"time":1780730949047,"pid":14808,"hostname":"Prakhar","err":{"type":"PrismaClientKnownRequestError","message":"\nInvalid `prisma.alert.create()` invocation in\nD:\\Track 1\\apps\\alert-service\\src\\server.ts:97:44\n\n  94 \n  95 if (triggerAlert && event.tenantId) {\n  96   try {\n→ 97     const alert = await prisma.alert.create(\nForeign key constraint violated: `Alert_organizationId_fkey (index)`","stack":"PrismaClientKnownRequestError: \nInvalid `prisma.alert.create()` invocation in\nD:\\Track 1\\apps\\alert-service\\src\\server.ts:97:44\n\n  94 \n  95 if (triggerAlert && event.tenantId) {\n  96   try {\n→ 97     const alert = await prisma.alert.create(\nForeign key constraint violated: `Alert_organizationId_fkey (index)`\n    at $n.handleRequestError (D:\\Track 1\\node_modules\\@prisma\\client\\runtime\\library.js:121:7315)\n    at $n.handleAndLogRequestError (D:\\Track 1\\node_modules\\@prisma\\client\\runtime\\library.js:121:6623)\n    at $n.request (D:\\Track 1\\node_modules\\@prisma\\client\\runtime\\library.js:121:6307)\n    at l (D:\\Track 1\\node_modules\\@prisma\\client\\runtime\\library.js:130:9633)\n    at D:\\Track 1\\apps\\alert-service\\src\\server.ts:97:25\n    at Runner.eachMessage (D:\\Track 1\\packages\\kafka\\src\\consumer.js:12:13)\n    at Runner.processEachMessage (D:\\Track 1\\node_modules\\kafkajs\\src\\consumer\\runner.js:231:9)\n    at onBatch (D:\\Track 1\\node_modules\\kafkajs\\src\\consumer\\runner.js:447:9)\n    at Runner.handleBatch (D:\\Track 1\\node_modules\\kafkajs\\src\\consumer\\runner.js:461:5)\n    at D:\\Track 1\\node_modules\\kafkajs\\src\\consumer\\worker.js:29:9","name":"PrismaClientKnownRequestError","code":"P2003","clientVersion":"5.22.0","meta":{"modelName":"Alert","field_name":"Alert_organizationId_fkey (index)"}},"tenantId":"anonymous","msg":"Failed to persist alert"}
{"level":50,"time":1780730949053,"pid":14808,"hostname":"Prakhar","err":{"type":"PrismaClientKnownRequestError","message":"\nInvalid `prisma.alert.create()` invocation in\nD:\\Track 1\\apps\\alert-service\\src\\server.ts:97:44\n\n  94 \n  95 if (triggerAlert && event.tenantId) {\n  96   try {\n→ 97     const alert = await prisma.alert.create(\nForeign key constraint violated: `Alert_organizationId_fkey (index)`","stack":"PrismaClientKnownRequestError: \nInvalid `prisma.alert.create()` invocation in\nD:\\Track 1\\apps\\alert-service\\src\\server.ts:97:44\n\n  94 \n  95 if (triggerAlert && event.tenantId) {\n  96   try {\n→ 97     const alert = await prisma.alert.create(\nForeign key constraint violated: `Alert_organizationId_fkey (index)`\n    at $n.handleRequestError (D:\\Track 1\\node_modules\\@prisma\\client\\runtime\\library.js:121:7315)\n    at $n.handleAndLogRequestError (D:\\Track 1\\node_modules\\@prisma\\client\\runtime\\library.js:121:6623)\n    at $n.request (D:\\Track 1\\node_modules\\@prisma\\client\\runtime\\library.js:121:6307)\n    at l (D:\\Track 1\\node_modules\\@prisma\\client\\runtime\\library.js:130:9633)\n    at D:\\Track 1\\apps\\alert-service\\src\\server.ts:97:25\n    at Runner.eachMessage (D:\\Track 1\\packages\\kafka\\src\\consumer.js:12:13)\n    at Runner.processEachMessage (D:\\Track 1\\node_modules\\kafkajs\\src\\consumer\\runner.js:231:9)\n    at onBatch (D:\\Track 1\\node_modules\\kafkajs\\src\\consumer\\runner.js:447:9)\n    at Runner.handleBatch (D:\\Track 1\\node_modules\\kafkajs\\src\\consumer\\runner.js:461:5)\n    at D:\\Track 1\\node_modules\\kafkajs\\src\\consumer\\worker.js:29:9","name":"PrismaClientKnownRequestError","code":"P2003","clientVersion":"5.22.0","meta":{"modelName":"Alert","field_name":"Alert_organizationId_fkey (index)"}},"tenantId":"anonymous","msg":"Failed to persist alert"}
{"level":30,"time":1780730949054,"pid":14808,"hostname":"Prakhar","reqId":"req-6","req":{"method":"GET","url":"/api/v1/alerts","host":"localhost:5003","remoteAddress":"127.0.0.1","remotePort":55171},"msg":"incoming request"}
{"level":30,"time":1780730949058,"pid":14808,"hostname":"Prakhar","reqId":"req-6","res":{"statusCode":200},"responseTime":3.5821000039577484,"msg":"request completed"}
{"level":50,"time":1780730949065,"pid":14808,"hostname":"Prakhar","err":{"type":"PrismaClientKnownRequestError","message":"\nInvalid `prisma.alert.create()` invocation in\nD:\\Track 1\\apps\\alert-service\\src\\server.ts:97:44\n\n  94 \n  95 if (triggerAlert && event.tenantId) {\n  96   try {\n→ 97     const alert = await prisma.alert.create(\nForeign key constraint violated: `Alert_organizationId_fkey (index)`","stack":"PrismaClientKnownRequestError: \nInvalid `prisma.alert.create()` invocation in\nD:\\Track 1\\apps\\alert-service\\src\\server.ts:97:44\n\n  94 \n  95 if (triggerAlert && event.tenantId) {\n  96   try {\n→ 97     const alert = await prisma.alert.create(\nForeign key constraint violated: `Alert_organizationId_fkey (index)`\n    at $n.handleRequestError (D:\\Track 1\\node_modules\\@prisma\\client\\runtime\\library.js:121:7315)\n    at $n.handleAndLogRequestError (D:\\Track 1\\node_modules\\@prisma\\client\\runtime\\library.js:121:6623)\n    at $n.request (D:\\Track 1\\node_modules\\@prisma\\client\\runtime\\library.js:121:6307)\n    at l (D:\\Track 1\\node_modules\\@prisma\\client\\runtime\\library.js:130:9633)\n    at D:\\Track 1\\apps\\alert-service\\src\\server.ts:97:25\n    at Runner.eachMessage (D:\\Track 1\\packages\\kafka\\src\\consumer.js:12:13)\n    at Runner.processEachMessage (D:\\Track 1\\node_modules\\kafkajs\\src\\consumer\\runner.js:231:9)\n    at onBatch (D:\\Track 1\\node_modules\\kafkajs\\src\\consumer\\runner.js:447:9)\n    at Runner.handleBatch (D:\\Track 1\\node_modules\\kafkajs\\src\\consumer\\runner.js:461:5)\n    at D:\\Track 1\\node_modules\\kafkajs\\src\\consumer\\worker.js:29:9","name":"PrismaClientKnownRequestError","code":"P2003","clientVersion":"5.22.0","meta":{"modelName":"Alert","field_name":"Alert_organizationId_fkey (index)"}},"tenantId":"anonymous","msg":"Failed to persist alert"}
{"level":30,"time":1780730949066,"pid":14808,"hostname":"Prakhar","reqId":"req-7","req":{"method":"GET","url":"/api/v1/alerts","host":"localhost:5003","remoteAddress":"127.0.0.1","remotePort":55171},"msg":"incoming request"}
{"level":30,"time":1780730949069,"pid":14808,"hostname":"Prakhar","reqId":"req-7","res":{"statusCode":200},"responseTime":2.625,"msg":"request completed"}
{"level":50,"time":1780730949076,"pid":14808,"hostname":"Prakhar","err":{"type":"PrismaClientKnownRequestError","message":"\nInvalid `prisma.alert.create()` invocation in\nD:\\Track 1\\apps\\alert-service\\src\\server.ts:97:44\n\n  94 \n  95 if (triggerAlert && event.tenantId) {\n  96   try {\n→ 97     const alert = await prisma.alert.create(\nForeign key constraint violated: `Alert_organizationId_fkey (index)`","stack":"PrismaClientKnownRequestError: \nInvalid `prisma.alert.create()` invocation in\nD:\\Track 1\\apps\\alert-service\\src\\server.ts:97:44\n\n  94 \n  95 if (triggerAlert && event.tenantId) {\n  96   try {\n→ 97     const alert = await prisma.alert.create(\nForeign key constraint violated: `Alert_organizationId_fkey (index)`\n    at $n.handleRequestError (D:\\Track 1\\node_modules\\@prisma\\client\\runtime\\library.js:121:7315)\n    at $n.handleAndLogRequestError (D:\\Track 1\\node_modules\\@prisma\\client\\runtime\\library.js:121:6623)\n    at $n.request (D:\\Track 1\\node_modules\\@prisma\\client\\runtime\\library.js:121:6307)\n    at l (D:\\Track 1\\node_modules\\@prisma\\client\\runtime\\library.js:130:9633)\n    at D:\\Track 1\\apps\\alert-service\\src\\server.ts:97:25\n    at Runner.eachMessage (D:\\Track 1\\packages\\kafka\\src\\consumer.js:12:13)\n    at Runner.processEachMessage (D:\\Track 1\\node_modules\\kafkajs\\src\\consumer\\runner.js:231:9)\n    at onBatch (D:\\Track 1\\node_modules\\kafkajs\\src\\consumer\\runner.js:447:9)\n    at Runner.handleBatch (D:\\Track 1\\node_modules\\kafkajs\\src\\consumer\\runner.js:461:5)\n    at D:\\Track 1\\node_modules\\kafkajs\\src\\consumer\\worker.js:29:9","name":"PrismaClientKnownRequestError","code":"P2003","clientVersion":"5.22.0","meta":{"modelName":"Alert","field_name":"Alert_organizationId_fkey (index)"}},"tenantId":"anonymous","msg":"Failed to persist alert"}
{"level":50,"time":1780730949087,"pid":14808,"hostname":"Prakhar","err":{"type":"PrismaClientKnownRequestError","message":"\nInvalid `prisma.alert.create()` invocation in\nD:\\Track 1\\apps\\alert-service\\src\\server.ts:97:44\n\n  94 \n  95 if (triggerAlert && event.tenantId) {\n  96   try {\n→ 97     const alert = await prisma.alert.create(\nForeign key constraint violated: `Alert_organizationId_fkey (index)`","stack":"PrismaClientKnownRequestError: \nInvalid `prisma.alert.create()` invocation in\nD:\\Track 1\\apps\\alert-service\\src\\server.ts:97:44\n\n  94 \n  95 if (triggerAlert && event.tenantId) {\n  96   try {\n→ 97     const alert = await prisma.alert.create(\nForeign key constraint violated: `Alert_organizationId_fkey (index)`\n    at $n.handleRequestError (D:\\Track 1\\node_modules\\@prisma\\client\\runtime\\library.js:121:7315)\n    at $n.handleAndLogRequestError (D:\\Track 1\\node_modules\\@prisma\\client\\runtime\\library.js:121:6623)\n    at $n.request (D:\\Track 1\\node_modules\\@prisma\\client\\runtime\\library.js:121:6307)\n    at l (D:\\Track 1\\node_modules\\@prisma\\client\\runtime\\library.js:130:9633)\n    at D:\\Track 1\\apps\\alert-service\\src\\server.ts:97:25\n    at Runner.eachMessage (D:\\Track 1\\packages\\kafka\\src\\consumer.js:12:13)\n    at Runner.processEachMessage (D:\\Track 1\\node_modules\\kafkajs\\src\\consumer\\runner.js:231:9)\n    at onBatch (D:\\Track 1\\node_modules\\kafkajs\\src\\consumer\\runner.js:447:9)\n    at Runner.handleBatch (D:\\Track 1\\node_modules\\kafkajs\\src\\consumer\\runner.js:461:5)\n    at D:\\Track 1\\node_modules\\kafkajs\\src\\consumer\\worker.js:29:9","name":"PrismaClientKnownRequestError","code":"P2003","clientVersion":"5.22.0","meta":{"modelName":"Alert","field_name":"Alert_organizationId_fkey (index)"}},"tenantId":"anonymous","msg":"Failed to persist alert"}
{"level":30,"time":1780730949089,"pid":14808,"hostname":"Prakhar","reqId":"req-8","req":{"method":"GET","url":"/api/v1/alerts","host":"localhost:5003","remoteAddress":"127.0.0.1","remotePort":55171},"msg":"incoming request"}
{"level":50,"time":1780730949092,"pid":14808,"hostname":"Prakhar","err":{"type":"PrismaClientKnownRequestError","message":"\nInvalid `prisma.alert.create()` invocation in\nD:\\Track 1\\apps\\alert-service\\src\\server.ts:97:44\n\n  94 \n  95 if (triggerAlert && event.tenantId) {\n  96   try {\n→ 97     const alert = await prisma.alert.create(\nForeign key constraint violated: `Alert_organizationId_fkey (index)`","stack":"PrismaClientKnownRequestError: \nInvalid `prisma.alert.create()` invocation in\nD:\\Track 1\\apps\\alert-service\\src\\server.ts:97:44\n\n  94 \n  95 if (triggerAlert && event.tenantId) {\n  96   try {\n→ 97     const alert = await prisma.alert.create(\nForeign key constraint violated: `Alert_organizationId_fkey (index)`\n    at $n.handleRequestError (D:\\Track 1\\node_modules\\@prisma\\client\\runtime\\library.js:121:7315)\n    at $n.handleAndLogRequestError (D:\\Track 1\\node_modules\\@prisma\\client\\runtime\\library.js:121:6623)\n    at $n.request (D:\\Track 1\\node_modules\\@prisma\\client\\runtime\\library.js:121:6307)\n    at l (D:\\Track 1\\node_modules\\@prisma\\client\\runtime\\library.js:130:9633)\n    at D:\\Track 1\\apps\\alert-service\\src\\server.ts:97:25\n    at Runner.eachMessage (D:\\Track 1\\packages\\kafka\\src\\consumer.js:12:13)\n    at Runner.processEachMessage (D:\\Track 1\\node_modules\\kafkajs\\src\\consumer\\runner.js:231:9)\n    at onBatch (D:\\Track 1\\node_modules\\kafkajs\\src\\consumer\\runner.js:447:9)\n    at Runner.handleBatch (D:\\Track 1\\node_modules\\kafkajs\\src\\consumer\\runner.js:461:5)\n    at D:\\Track 1\\node_modules\\kafkajs\\src\\consumer\\worker.js:29:9","name":"PrismaClientKnownRequestError","code":"P2003","clientVersion":"5.22.0","meta":{"modelName":"Alert","field_name":"Alert_organizationId_fkey (index)"}},"tenantId":"anonymous","msg":"Failed to persist alert"}
{"level":50,"time":1780730949105,"pid":14808,"hostname":"Prakhar","err":{"type":"PrismaClientKnownRequestError","message":"\nInvalid `prisma.alert.create()` invocation in\nD:\\Track 1\\apps\\alert-service\\src\\server.ts:97:44\n\n  94 \n  95 if (triggerAlert && event.tenantId) {\n  96   try {\n→ 97     const alert = await prisma.alert.create(\nForeign key constraint violated: `Alert_organizationId_fkey (index)`","stack":"PrismaClientKnownRequestError: \nInvalid `prisma.alert.create()` invocation in\nD:\\Track 1\\apps\\alert-service\\src\\server.ts:97:44\n\n  94 \n  95 if (triggerAlert && event.tenantId) {\n  96   try {\n→ 97     const alert = await prisma.alert.create(\nForeign key constraint violated: `Alert_organizationId_fkey (index)`\n    at $n.handleRequestError (D:\\Track 1\\node_modules\\@prisma\\client\\runtime\\library.js:121:7315)\n    at $n.handleAndLogRequestError (D:\\Track 1\\node_modules\\@prisma\\client\\runtime\\library.js:121:6623)\n    at $n.request (D:\\Track 1\\node_modules\\@prisma\\client\\runtime\\library.js:121:6307)\n    at l (D:\\Track 1\\node_modules\\@prisma\\client\\runtime\\library.js:130:9633)\n    at D:\\Track 1\\apps\\alert-service\\src\\server.ts:97:25\n    at Runner.eachMessage (D:\\Track 1\\packages\\kafka\\src\\consumer.js:12:13)\n    at Runner.processEachMessage (D:\\Track 1\\node_modules\\kafkajs\\src\\consumer\\runner.js:231:9)\n    at onBatch (D:\\Track 1\\node_modules\\kafkajs\\src\\consumer\\runner.js:447:9)\n    at Runner.handleBatch (D:\\Track 1\\node_modules\\kafkajs\\src\\consumer\\runner.js:461:5)\n    at D:\\Track 1\\node_modules\\kafkajs\\src\\consumer\\worker.js:29:9","name":"PrismaClientKnownRequestError","code":"P2003","clientVersion":"5.22.0","meta":{"modelName":"Alert","field_name":"Alert_organizationId_fkey (index)"}},"tenantId":"anonymous","msg":"Failed to persist alert"}
{"level":50,"time":1780730949118,"pid":14808,"hostname":"Prakhar","err":{"type":"PrismaClientKnownRequestError","message":"\nInvalid `prisma.alert.create()` invocation in\nD:\\Track 1\\apps\\alert-service\\src\\server.ts:97:44\n\n  94 \n  95 if (triggerAlert && event.tenantId) {\n  96   try {\n→ 97     const alert = await prisma.alert.create(\nForeign key constraint violated: `Alert_organizationId_fkey (index)`","stack":"PrismaClientKnownRequestError: \nInvalid `prisma.alert.create()` invocation in\nD:\\Track 1\\apps\\alert-service\\src\\server.ts:97:44\n\n  94 \n  95 if (triggerAlert && event.tenantId) {\n  96   try {\n→ 97     const alert = await prisma.alert.create(\nForeign key constraint violated: `Alert_organizationId_fkey (index)`\n    at $n.handleRequestError (D:\\Track 1\\node_modules\\@prisma\\client\\runtime\\library.js:121:7315)\n    at $n.handleAndLogRequestError (D:\\Track 1\\node_modules\\@prisma\\client\\runtime\\library.js:121:6623)\n    at $n.request (D:\\Track 1\\node_modules\\@prisma\\client\\runtime\\library.js:121:6307)\n    at l (D:\\Track 1\\node_modules\\@prisma\\client\\runtime\\library.js:130:9633)\n    at D:\\Track 1\\apps\\alert-service\\src\\server.ts:97:25\n    at Runner.eachMessage (D:\\Track 1\\packages\\kafka\\src\\consumer.js:12:13)\n    at Runner.processEachMessage (D:\\Track 1\\node_modules\\kafkajs\\src\\consumer\\runner.js:231:9)\n    at onBatch (D:\\Track 1\\node_modules\\kafkajs\\src\\consumer\\runner.js:447:9)\n    at Runner.handleBatch (D:\\Track 1\\node_modules\\kafkajs\\src\\consumer\\runner.js:461:5)\n    at D:\\Track 1\\node_modules\\kafkajs\\src\\consumer\\worker.js:29:9","name":"PrismaClientKnownRequestError","code":"P2003","clientVersion":"5.22.0","meta":{"modelName":"Alert","field_name":"Alert_organizationId_fkey (index)"}},"tenantId":"anonymous","msg":"Failed to persist alert"}
{"level":50,"time":1780730949130,"pid":14808,"hostname":"Prakhar","err":{"type":"PrismaClientKnownRequestError","message":"\nInvalid `prisma.alert.create()` invocation in\nD:\\Track 1\\apps\\alert-service\\src\\server.ts:97:44\n\n  94 \n  95 if (triggerAlert && event.tenantId) {\n  96   try {\n→ 97     const alert = await prisma.alert.create(\nForeign key constraint violated: `Alert_organizationId_fkey (index)`","stack":"PrismaClientKnownRequestError: \nInvalid `prisma.alert.create()` invocation in\nD:\\Track 1\\apps\\alert-service\\src\\server.ts:97:44\n\n  94 \n  95 if (triggerAlert && event.tenantId) {\n  96   try {\n→ 97     const alert = await prisma.alert.create(\nForeign key constraint violated: `Alert_organizationId_fkey (index)`\n    at $n.handleRequestError (D:\\Track 1\\node_modules\\@prisma\\client\\runtime\\library.js:121:7315)\n    at $n.handleAndLogRequestError (D:\\Track 1\\node_modules\\@prisma\\client\\runtime\\library.js:121:6623)\n    at $n.request (D:\\Track 1\\node_modules\\@prisma\\client\\runtime\\library.js:121:6307)\n    at l (D:\\Track 1\\node_modules\\@prisma\\client\\runtime\\library.js:130:9633)\n    at D:\\Track 1\\apps\\alert-service\\src\\server.ts:97:25\n    at Runner.eachMessage (D:\\Track 1\\packages\\kafka\\src\\consumer.js:12:13)\n    at Runner.processEachMessage (D:\\Track 1\\node_modules\\kafkajs\\src\\consumer\\runner.js:231:9)\n    at onBatch (D:\\Track 1\\node_modules\\kafkajs\\src\\consumer\\runner.js:447:9)\n    at Runner.handleBatch (D:\\Track 1\\node_modules\\kafkajs\\src\\consumer\\runner.js:461:5)\n    at D:\\Track 1\\node_modules\\kafkajs\\src\\consumer\\worker.js:29:9","name":"PrismaClientKnownRequestError","code":"P2003","clientVersion":"5.22.0","meta":{"modelName":"Alert","field_name":"Alert_organizationId_fkey (index)"}},"tenantId":"anonymous","msg":"Failed to persist alert"}
{"level":50,"time":1780730949134,"pid":14808,"hostname":"Prakhar","err":{"type":"PrismaClientKnownRequestError","message":"\nInvalid `prisma.alert.create()` invocation in\nD:\\Track 1\\apps\\alert-service\\src\\server.ts:97:44\n\n  94 \n  95 if (triggerAlert && event.tenantId) {\n  96   try {\n→ 97     const alert = await prisma.alert.create(\nForeign key constraint violated: `Alert_organizationId_fkey (index)`","stack":"PrismaClientKnownRequestError: \nInvalid `prisma.alert.create()` invocation in\nD:\\Track 1\\apps\\alert-service\\src\\server.ts:97:44\n\n  94 \n  95 if (triggerAlert && event.tenantId) {\n  96   try {\n→ 97     const alert = await prisma.alert.create(\nForeign key constraint violated: `Alert_organizationId_fkey (index)`\n    at $n.handleRequestError (D:\\Track 1\\node_modules\\@prisma\\client\\runtime\\library.js:121:7315)\n    at $n.handleAndLogRequestError (D:\\Track 1\\node_modules\\@prisma\\client\\runtime\\library.js:121:6623)\n    at $n.request (D:\\Track 1\\node_modules\\@prisma\\client\\runtime\\library.js:121:6307)\n    at l (D:\\Track 1\\node_modules\\@prisma\\client\\runtime\\library.js:130:9633)\n    at D:\\Track 1\\apps\\alert-service\\src\\server.ts:97:25\n    at Runner.eachMessage (D:\\Track 1\\packages\\kafka\\src\\consumer.js:12:13)\n    at Runner.processEachMessage (D:\\Track 1\\node_modules\\kafkajs\\src\\consumer\\runner.js:231:9)\n    at onBatch (D:\\Track 1\\node_modules\\kafkajs\\src\\consumer\\runner.js:447:9)\n    at Runner.handleBatch (D:\\Track 1\\node_modules\\kafkajs\\src\\consumer\\runner.js:461:5)\n    at D:\\Track 1\\node_modules\\kafkajs\\src\\consumer\\worker.js:29:9","name":"PrismaClientKnownRequestError","code":"P2003","clientVersion":"5.22.0","meta":{"modelName":"Alert","field_name":"Alert_organizationId_fkey (index)"}},"tenantId":"anonymous","msg":"Failed to persist alert"}
{"level":30,"time":1780730949144,"pid":14808,"hostname":"Prakhar","reqId":"req-8","res":{"statusCode":200},"responseTime":55.581300020217896,"msg":"request completed"}
{"level":30,"time":1780730949145,"pid":14808,"hostname":"Prakhar","reqId":"req-9","req":{"method":"GET","url":"/api/v1/alerts","host":"localhost:5003","remoteAddress":"127.0.0.1","remotePort":51757},"msg":"incoming request"}
{"level":30,"time":1780730949147,"pid":14808,"hostname":"Prakhar","reqId":"req-9","res":{"statusCode":200},"responseTime":2.4167999923229218,"msg":"request completed"}
{"level":30,"time":1780730959119,"pid":14808,"hostname":"Prakhar","reqId":"req-a","req":{"method":"OPTIONS","url":"/api/v1/alerts","host":"localhost:5003","remoteAddress":"127.0.0.1","remotePort":51757},"msg":"incoming request"}
{"level":30,"time":1780730959121,"pid":14808,"hostname":"Prakhar","reqId":"req-a","res":{"statusCode":204},"responseTime":1.1933999955654144,"msg":"request completed"}
{"level":30,"time":1780730959126,"pid":14808,"hostname":"Prakhar","reqId":"req-b","req":{"method":"GET","url":"/api/v1/alerts","host":"localhost:5003","remoteAddress":"127.0.0.1","remotePort":51757},"msg":"incoming request"}
{"level":30,"time":1780730959131,"pid":14808,"hostname":"Prakhar","reqId":"req-b","res":{"statusCode":200},"responseTime":5.165600001811981,"msg":"request completed"}
{"level":50,"time":1780730959173,"pid":14808,"hostname":"Prakhar","err":{"type":"PrismaClientKnownRequestError","message":"\nInvalid `prisma.alert.create()` invocation in\nD:\\Track 1\\apps\\alert-service\\src\\server.ts:97:44\n\n  94 \n  95 if (triggerAlert && event.tenantId) {\n  96   try {\n→ 97     const alert = await prisma.alert.create(\nForeign key constraint violated: `Alert_organizationId_fkey (index)`","stack":"PrismaClientKnownRequestError: \nInvalid `prisma.alert.create()` invocation in\nD:\\Track 1\\apps\\alert-service\\src\\server.ts:97:44\n\n  94 \n  95 if (triggerAlert && event.tenantId) {\n  96   try {\n→ 97     const alert = await prisma.alert.create(\nForeign key constraint violated: `Alert_organizationId_fkey (index)`\n    at $n.handleRequestError (D:\\Track 1\\node_modules\\@prisma\\client\\runtime\\library.js:121:7315)\n    at $n.handleAndLogRequestError (D:\\Track 1\\node_modules\\@prisma\\client\\runtime\\library.js:121:6623)\n    at $n.request (D:\\Track 1\\node_modules\\@prisma\\client\\runtime\\library.js:121:6307)\n    at l (D:\\Track 1\\node_modules\\@prisma\\client\\runtime\\library.js:130:9633)\n    at D:\\Track 1\\apps\\alert-service\\src\\server.ts:97:25\n    at Runner.eachMessage (D:\\Track 1\\packages\\kafka\\src\\consumer.js:12:13)\n    at Runner.processEachMessage (D:\\Track 1\\node_modules\\kafkajs\\src\\consumer\\runner.js:231:9)\n    at onBatch (D:\\Track 1\\node_modules\\kafkajs\\src\\consumer\\runner.js:447:9)\n    at Runner.handleBatch (D:\\Track 1\\node_modules\\kafkajs\\src\\consumer\\runner.js:461:5)\n    at D:\\Track 1\\node_modules\\kafkajs\\src\\consumer\\worker.js:29:9","name":"PrismaClientKnownRequestError","code":"P2003","clientVersion":"5.22.0","meta":{"modelName":"Alert","field_name":"Alert_organizationId_fkey (index)"}},"tenantId":"anonymous","msg":"Failed to persist alert"}
{"level":50,"time":1780730959184,"pid":14808,"hostname":"Prakhar","err":{"type":"PrismaClientKnownRequestError","message":"\nInvalid `prisma.alert.create()` invocation in\nD:\\Track 1\\apps\\alert-service\\src\\server.ts:97:44\n\n  94 \n  95 if (triggerAlert && event.tenantId) {\n  96   try {\n→ 97     const alert = await prisma.alert.create(\nForeign key constraint violated: `Alert_organizationId_fkey (index)`","stack":"PrismaClientKnownRequestError: \nInvalid `prisma.alert.create()` invocation in\nD:\\Track 1\\apps\\alert-service\\src\\server.ts:97:44\n\n  94 \n  95 if (triggerAlert && event.tenantId) {\n  96   try {\n→ 97     const alert = await prisma.alert.create(\nForeign key constraint violated: `Alert_organizationId_fkey (index)`\n    at $n.handleRequestError (D:\\Track 1\\node_modules\\@prisma\\client\\runtime\\library.js:121:7315)\n    at $n.handleAndLogRequestError (D:\\Track 1\\node_modules\\@prisma\\client\\runtime\\library.js:121:6623)\n    at $n.request (D:\\Track 1\\node_modules\\@prisma\\client\\runtime\\library.js:121:6307)\n    at l (D:\\Track 1\\node_modules\\@prisma\\client\\runtime\\library.js:130:9633)\n    at D:\\Track 1\\apps\\alert-service\\src\\server.ts:97:25\n    at Runner.eachMessage (D:\\Track 1\\packages\\kafka\\src\\consumer.js:12:13)\n    at Runner.processEachMessage (D:\\Track 1\\node_modules\\kafkajs\\src\\consumer\\runner.js:231:9)\n    at onBatch (D:\\Track 1\\node_modules\\kafkajs\\src\\consumer\\runner.js:447:9)\n    at Runner.handleBatch (D:\\Track 1\\node_modules\\kafkajs\\src\\consumer\\runner.js:461:5)\n    at D:\\Track 1\\node_modules\\kafkajs\\src\\consumer\\worker.js:29:9","name":"PrismaClientKnownRequestError","code":"P2003","clientVersion":"5.22.0","meta":{"modelName":"Alert","field_name":"Alert_organizationId_fkey (index)"}},"tenantId":"anonymous","msg":"Failed to persist alert"}
{"level":30,"time":1780730969116,"pid":14808,"hostname":"Prakhar","reqId":"req-c","req":{"method":"OPTIONS","url":"/api/v1/alerts","host":"localhost:5003","remoteAddress":"127.0.0.1","remotePort":51757},"msg":"incoming request"}
{"level":30,"time":1780730969117,"pid":14808,"hostname":"Prakhar","reqId":"req-c","res":{"statusCode":204},"responseTime":0.4666000008583069,"msg":"request completed"}
{"level":30,"time":1780730969121,"pid":14808,"hostname":"Prakhar","reqId":"req-d","req":{"method":"GET","url":"/api/v1/alerts","host":"localhost:5003","remoteAddress":"127.0.0.1","remotePort":51757},"msg":"incoming request"}
{"level":30,"time":1780730969125,"pid":14808,"hostname":"Prakhar","reqId":"req-d","res":{"statusCode":200},"responseTime":4.0494000017642975,"msg":"request completed"}
{"level":50,"time":1780730969140,"pid":14808,"hostname":"Prakhar","err":{"type":"PrismaClientKnownRequestError","message":"\nInvalid `prisma.alert.create()` invocation in\nD:\\Track 1\\apps\\alert-service\\src\\server.ts:97:44\n\n  94 \n  95 if (triggerAlert && event.tenantId) {\n  96   try {\n→ 97     const alert = await prisma.alert.create(\nForeign key constraint violated: `Alert_organizationId_fkey (index)`","stack":"PrismaClientKnownRequestError: \nInvalid `prisma.alert.create()` invocation in\nD:\\Track 1\\apps\\alert-service\\src\\server.ts:97:44\n\n  94 \n  95 if (triggerAlert && event.tenantId) {\n  96   try {\n→ 97     const alert = await prisma.alert.create(\nForeign key constraint violated: `Alert_organizationId_fkey (index)`\n    at $n.handleRequestError (D:\\Track 1\\node_modules\\@prisma\\client\\runtime\\library.js:121:7315)\n    at $n.handleAndLogRequestError (D:\\Track 1\\node_modules\\@prisma\\client\\runtime\\library.js:121:6623)\n    at $n.request (D:\\Track 1\\node_modules\\@prisma\\client\\runtime\\library.js:121:6307)\n    at l (D:\\Track 1\\node_modules\\@prisma\\client\\runtime\\library.js:130:9633)\n    at D:\\Track 1\\apps\\alert-service\\src\\server.ts:97:25\n    at Runner.eachMessage (D:\\Track 1\\packages\\kafka\\src\\consumer.js:12:13)\n    at Runner.processEachMessage (D:\\Track 1\\node_modules\\kafkajs\\src\\consumer\\runner.js:231:9)\n    at onBatch (D:\\Track 1\\node_modules\\kafkajs\\src\\consumer\\runner.js:447:9)\n    at Runner.handleBatch (D:\\Track 1\\node_modules\\kafkajs\\src\\consumer\\runner.js:461:5)\n    at D:\\Track 1\\node_modules\\kafkajs\\src\\consumer\\worker.js:29:9","name":"PrismaClientKnownRequestError","code":"P2003","clientVersion":"5.22.0","meta":{"modelName":"Alert","field_name":"Alert_organizationId_fkey (index)"}},"tenantId":"anonymous","msg":"Failed to persist alert"}
{"level":50,"time":1780730969145,"pid":14808,"hostname":"Prakhar","err":{"type":"PrismaClientKnownRequestError","message":"\nInvalid `prisma.alert.create()` invocation in\nD:\\Track 1\\apps\\alert-service\\src\\server.ts:97:44\n\n  94 \n  95 if (triggerAlert && event.tenantId) {\n  96   try {\n→ 97     const alert = await prisma.alert.create(\nForeign key constraint violated: `Alert_organizationId_fkey (index)`","stack":"PrismaClientKnownRequestError: \nInvalid `prisma.alert.create()` invocation in\nD:\\Track 1\\apps\\alert-service\\src\\server.ts:97:44\n\n  94 \n  95 if (triggerAlert && event.tenantId) {\n  96   try {\n→ 97     const alert = await prisma.alert.create(\nForeign key constraint violated: `Alert_organizationId_fkey (index)`\n    at $n.handleRequestError (D:\\Track 1\\node_modules\\@prisma\\client\\runtime\\library.js:121:7315)\n    at $n.handleAndLogRequestError (D:\\Track 1\\node_modules\\@prisma\\client\\runtime\\library.js:121:6623)\n    at $n.request (D:\\Track 1\\node_modules\\@prisma\\client\\runtime\\library.js:121:6307)\n    at l (D:\\Track 1\\node_modules\\@prisma\\client\\runtime\\library.js:130:9633)\n    at D:\\Track 1\\apps\\alert-service\\src\\server.ts:97:25\n    at Runner.eachMessage (D:\\Track 1\\packages\\kafka\\src\\consumer.js:12:13)\n    at Runner.processEachMessage (D:\\Track 1\\node_modules\\kafkajs\\src\\consumer\\runner.js:231:9)\n    at onBatch (D:\\Track 1\\node_modules\\kafkajs\\src\\consumer\\runner.js:447:9)\n    at Runner.handleBatch (D:\\Track 1\\node_modules\\kafkajs\\src\\consumer\\runner.js:461:5)\n    at D:\\Track 1\\node_modules\\kafkajs\\src\\consumer\\worker.js:29:9","name":"PrismaClientKnownRequestError","code":"P2003","clientVersion":"5.22.0","meta":{"modelName":"Alert","field_name":"Alert_organizationId_fkey (index)"}},"tenantId":"anonymous","msg":"Failed to persist alert"}
{"level":50,"time":1780730976701,"pid":14808,"hostname":"Prakhar","err":{"type":"PrismaClientKnownRequestError","message":"\nInvalid `prisma.alert.create()` invocation in\nD:\\Track 1\\apps\\alert-service\\src\\server.ts:97:44\n\n  94 \n  95 if (triggerAlert && event.tenantId) {\n  96   try {\n→ 97     const alert = await prisma.alert.create(\nForeign key constraint violated: `Alert_organizationId_fkey (index)`","stack":"PrismaClientKnownRequestError: \nInvalid `prisma.alert.create()` invocation in\nD:\\Track 1\\apps\\alert-service\\src\\server.ts:97:44\n\n  94 \n  95 if (triggerAlert && event.tenantId) {\n  96   try {\n→ 97     const alert = await prisma.alert.create(\nForeign key constraint violated: `Alert_organizationId_fkey (index)`\n    at $n.handleRequestError (D:\\Track 1\\node_modules\\@prisma\\client\\runtime\\library.js:121:7315)\n    at $n.handleAndLogRequestError (D:\\Track 1\\node_modules\\@prisma\\client\\runtime\\library.js:121:6623)\n    at $n.request (D:\\Track 1\\node_modules\\@prisma\\client\\runtime\\library.js:121:6307)\n    at l (D:\\Track 1\\node_modules\\@prisma\\client\\runtime\\library.js:130:9633)\n    at D:\\Track 1\\apps\\alert-service\\src\\server.ts:97:25\n    at Runner.eachMessage (D:\\Track 1\\packages\\kafka\\src\\consumer.js:12:13)\n    at Runner.processEachMessage (D:\\Track 1\\node_modules\\kafkajs\\src\\consumer\\runner.js:231:9)\n    at onBatch (D:\\Track 1\\node_modules\\kafkajs\\src\\consumer\\runner.js:447:9)\n    at Runner.handleBatch (D:\\Track 1\\node_modules\\kafkajs\\src\\consumer\\runner.js:461:5)\n    at D:\\Track 1\\node_modules\\kafkajs\\src\\consumer\\worker.js:29:9","name":"PrismaClientKnownRequestError","code":"P2003","clientVersion":"5.22.0","meta":{"modelName":"Alert","field_name":"Alert_organizationId_fkey (index)"}},"tenantId":"anonymous","msg":"Failed to persist alert"}
{"level":50,"time":1780730976712,"pid":14808,"hostname":"Prakhar","err":{"type":"PrismaClientKnownRequestError","message":"\nInvalid `prisma.alert.create()` invocation in\nD:\\Track 1\\apps\\alert-service\\src\\server.ts:97:44\n\n  94 \n  95 if (triggerAlert && event.tenantId) {\n  96   try {\n→ 97     const alert = await prisma.alert.create(\nForeign key constraint violated: `Alert_organizationId_fkey (index)`","stack":"PrismaClientKnownRequestError: \nInvalid `prisma.alert.create()` invocation in\nD:\\Track 1\\apps\\alert-service\\src\\server.ts:97:44\n\n  94 \n  95 if (triggerAlert && event.tenantId) {\n  96   try {\n→ 97     const alert = await prisma.alert.create(\nForeign key constraint violated: `Alert_organizationId_fkey (index)`\n    at $n.handleRequestError (D:\\Track 1\\node_modules\\@prisma\\client\\runtime\\library.js:121:7315)\n    at $n.handleAndLogRequestError (D:\\Track 1\\node_modules\\@prisma\\client\\runtime\\library.js:121:6623)\n    at $n.request (D:\\Track 1\\node_modules\\@prisma\\client\\runtime\\library.js:121:6307)\n    at l (D:\\Track 1\\node_modules\\@prisma\\client\\runtime\\library.js:130:9633)\n    at D:\\Track 1\\apps\\alert-service\\src\\server.ts:97:25\n    at Runner.eachMessage (D:\\Track 1\\packages\\kafka\\src\\consumer.js:12:13)\n    at Runner.processEachMessage (D:\\Track 1\\node_modules\\kafkajs\\src\\consumer\\runner.js:231:9)\n    at onBatch (D:\\Track 1\\node_modules\\kafkajs\\src\\consumer\\runner.js:447:9)\n    at Runner.handleBatch (D:\\Track 1\\node_modules\\kafkajs\\src\\consumer\\runner.js:461:5)\n    at D:\\Track 1\\node_modules\\kafkajs\\src\\consumer\\worker.js:29:9","name":"PrismaClientKnownRequestError","code":"P2003","clientVersion":"5.22.0","meta":{"modelName":"Alert","field_name":"Alert_organizationId_fkey (index)"}},"tenantId":"anonymous","msg":"Failed to persist alert"}
{"level":50,"time":1780731168927,"pid":14808,"hostname":"Prakhar","err":{"type":"PrismaClientKnownRequestError","message":"\nInvalid `prisma.alert.create()` invocation in\nD:\\Track 1\\apps\\alert-service\\src\\server.ts:97:44\n\n  94 \n  95 if (triggerAlert && event.tenantId) {\n  96   try {\n→ 97     const alert = await prisma.alert.create(\nForeign key constraint violated: `Alert_organizationId_fkey (index)`","stack":"PrismaClientKnownRequestError: \nInvalid `prisma.alert.create()` invocation in\nD:\\Track 1\\apps\\alert-service\\src\\server.ts:97:44\n\n  94 \n  95 if (triggerAlert && event.tenantId) {\n  96   try {\n→ 97     const alert = await prisma.alert.create(\nForeign key constraint violated: `Alert_organizationId_fkey (index)`\n    at $n.handleRequestError (D:\\Track 1\\node_modules\\@prisma\\client\\runtime\\library.js:121:7315)\n    at $n.handleAndLogRequestError (D:\\Track 1\\node_modules\\@prisma\\client\\runtime\\library.js:121:6623)\n    at $n.request (D:\\Track 1\\node_modules\\@prisma\\client\\runtime\\library.js:121:6307)\n    at l (D:\\Track 1\\node_modules\\@prisma\\client\\runtime\\library.js:130:9633)\n    at D:\\Track 1\\apps\\alert-service\\src\\server.ts:97:25\n    at Runner.eachMessage (D:\\Track 1\\packages\\kafka\\src\\consumer.js:12:13)\n    at Runner.processEachMessage (D:\\Track 1\\node_modules\\kafkajs\\src\\consumer\\runner.js:231:9)\n    at onBatch (D:\\Track 1\\node_modules\\kafkajs\\src\\consumer\\runner.js:447:9)\n    at Runner.handleBatch (D:\\Track 1\\node_modules\\kafkajs\\src\\consumer\\runner.js:461:5)\n    at D:\\Track 1\\node_modules\\kafkajs\\src\\consumer\\worker.js:29:9","name":"PrismaClientKnownRequestError","code":"P2003","clientVersion":"5.22.0","meta":{"modelName":"Alert","field_name":"Alert_organizationId_fkey (index)"}},"tenantId":"anonymous","msg":"Failed to persist alert"}
{"level":50,"time":1780731168931,"pid":14808,"hostname":"Prakhar","err":{"type":"PrismaClientKnownRequestError","message":"\nInvalid `prisma.alert.create()` invocation in\nD:\\Track 1\\apps\\alert-service\\src\\server.ts:97:44\n\n  94 \n  95 if (triggerAlert && event.tenantId) {\n  96   try {\n→ 97     const alert = await prisma.alert.create(\nForeign key constraint violated: `Alert_organizationId_fkey (index)`","stack":"PrismaClientKnownRequestError: \nInvalid `prisma.alert.create()` invocation in\nD:\\Track 1\\apps\\alert-service\\src\\server.ts:97:44\n\n  94 \n  95 if (triggerAlert && event.tenantId) {\n  96   try {\n→ 97     const alert = await prisma.alert.create(\nForeign key constraint violated: `Alert_organizationId_fkey (index)`\n    at $n.handleRequestError (D:\\Track 1\\node_modules\\@prisma\\client\\runtime\\library.js:121:7315)\n    at $n.handleAndLogRequestError (D:\\Track 1\\node_modules\\@prisma\\client\\runtime\\library.js:121:6623)\n    at $n.request (D:\\Track 1\\node_modules\\@prisma\\client\\runtime\\library.js:121:6307)\n    at l (D:\\Track 1\\node_modules\\@prisma\\client\\runtime\\library.js:130:9633)\n    at D:\\Track 1\\apps\\alert-service\\src\\server.ts:97:25\n    at Runner.eachMessage (D:\\Track 1\\packages\\kafka\\src\\consumer.js:12:13)\n    at Runner.processEachMessage (D:\\Track 1\\node_modules\\kafkajs\\src\\consumer\\runner.js:231:9)\n    at onBatch (D:\\Track 1\\node_modules\\kafkajs\\src\\consumer\\runner.js:447:9)\n    at Runner.handleBatch (D:\\Track 1\\node_modules\\kafkajs\\src\\consumer\\runner.js:461:5)\n    at D:\\Track 1\\node_modules\\kafkajs\\src\\consumer\\worker.js:29:9","name":"PrismaClientKnownRequestError","code":"P2003","clientVersion":"5.22.0","meta":{"modelName":"Alert","field_name":"Alert_organizationId_fkey (index)"}},"tenantId":"anonymous","msg":"Failed to persist alert"}
{"level":50,"time":1780731168941,"pid":14808,"hostname":"Prakhar","err":{"type":"PrismaClientKnownRequestError","message":"\nInvalid `prisma.alert.create()` invocation in\nD:\\Track 1\\apps\\alert-service\\src\\server.ts:97:44\n\n  94 \n  95 if (triggerAlert && event.tenantId) {\n  96   try {\n→ 97     const alert = await prisma.alert.create(\nForeign key constraint violated: `Alert_organizationId_fkey (index)`","stack":"PrismaClientKnownRequestError: \nInvalid `prisma.alert.create()` invocation in\nD:\\Track 1\\apps\\alert-service\\src\\server.ts:97:44\n\n  94 \n  95 if (triggerAlert && event.tenantId) {\n  96   try {\n→ 97     const alert = await prisma.alert.create(\nForeign key constraint violated: `Alert_organizationId_fkey (index)`\n    at $n.handleRequestError (D:\\Track 1\\node_modules\\@prisma\\client\\runtime\\library.js:121:7315)\n    at $n.handleAndLogRequestError (D:\\Track 1\\node_modules\\@prisma\\client\\runtime\\library.js:121:6623)\n    at $n.request (D:\\Track 1\\node_modules\\@prisma\\client\\runtime\\library.js:121:6307)\n    at l (D:\\Track 1\\node_modules\\@prisma\\client\\runtime\\library.js:130:9633)\n    at D:\\Track 1\\apps\\alert-service\\src\\server.ts:97:25\n    at Runner.eachMessage (D:\\Track 1\\packages\\kafka\\src\\consumer.js:12:13)\n    at Runner.processEachMessage (D:\\Track 1\\node_modules\\kafkajs\\src\\consumer\\runner.js:231:9)\n    at onBatch (D:\\Track 1\\node_modules\\kafkajs\\src\\consumer\\runner.js:447:9)\n    at Runner.handleBatch (D:\\Track 1\\node_modules\\kafkajs\\src\\consumer\\runner.js:461:5)\n    at D:\\Track 1\\node_modules\\kafkajs\\src\\consumer\\worker.js:29:9","name":"PrismaClientKnownRequestError","code":"P2003","clientVersion":"5.22.0","meta":{"modelName":"Alert","field_name":"Alert_organizationId_fkey (index)"}},"tenantId":"anonymous","msg":"Failed to persist alert"}
{"level":50,"time":1780731168944,"pid":14808,"hostname":"Prakhar","err":{"type":"PrismaClientKnownRequestError","message":"\nInvalid `prisma.alert.create()` invocation in\nD:\\Track 1\\apps\\alert-service\\src\\server.ts:97:44\n\n  94 \n  95 if (triggerAlert && event.tenantId) {\n  96   try {\n→ 97     const alert = await prisma.alert.create(\nForeign key constraint violated: `Alert_organizationId_fkey (index)`","stack":"PrismaClientKnownRequestError: \nInvalid `prisma.alert.create()` invocation in\nD:\\Track 1\\apps\\alert-service\\src\\server.ts:97:44\n\n  94 \n  95 if (triggerAlert && event.tenantId) {\n  96   try {\n→ 97     const alert = await prisma.alert.create(\nForeign key constraint violated: `Alert_organizationId_fkey (index)`\n    at $n.handleRequestError (D:\\Track 1\\node_modules\\@prisma\\client\\runtime\\library.js:121:7315)\n    at $n.handleAndLogRequestError (D:\\Track 1\\node_modules\\@prisma\\client\\runtime\\library.js:121:6623)\n    at $n.request (D:\\Track 1\\node_modules\\@prisma\\client\\runtime\\library.js:121:6307)\n    at l (D:\\Track 1\\node_modules\\@prisma\\client\\runtime\\library.js:130:9633)\n    at D:\\Track 1\\apps\\alert-service\\src\\server.ts:97:25\n    at Runner.eachMessage (D:\\Track 1\\packages\\kafka\\src\\consumer.js:12:13)\n    at Runner.processEachMessage (D:\\Track 1\\node_modules\\kafkajs\\src\\consumer\\runner.js:231:9)\n    at onBatch (D:\\Track 1\\node_modules\\kafkajs\\src\\consumer\\runner.js:447:9)\n    at Runner.handleBatch (D:\\Track 1\\node_modules\\kafkajs\\src\\consumer\\runner.js:461:5)\n    at D:\\Track 1\\node_modules\\kafkajs\\src\\consumer\\worker.js:29:9","name":"PrismaClientKnownRequestError","code":"P2003","clientVersion":"5.22.0","meta":{"modelName":"Alert","field_name":"Alert_organizationId_fkey (index)"}},"tenantId":"anonymous","msg":"Failed to persist alert"}
{"level":30,"time":1780731169200,"pid":14808,"hostname":"Prakhar","reqId":"req-e","req":{"method":"OPTIONS","url":"/api/v1/alerts","host":"localhost:5003","remoteAddress":"127.0.0.1","remotePort":60241},"msg":"incoming request"}
{"level":30,"time":1780731169201,"pid":14808,"hostname":"Prakhar","reqId":"req-e","res":{"statusCode":204},"responseTime":0.3741999864578247,"msg":"request completed"}
{"level":30,"time":1780731169202,"pid":14808,"hostname":"Prakhar","reqId":"req-f","req":{"method":"OPTIONS","url":"/api/v1/alerts","host":"localhost:5003","remoteAddress":"127.0.0.1","remotePort":60241},"msg":"incoming request"}
{"level":30,"time":1780731169203,"pid":14808,"hostname":"Prakhar","reqId":"req-f","res":{"statusCode":204},"responseTime":0.27129998803138733,"msg":"request completed"}
{"level":30,"time":1780731169203,"pid":14808,"hostname":"Prakhar","reqId":"req-g","req":{"method":"GET","url":"/api/v1/alerts","host":"localhost:5003","remoteAddress":"127.0.0.1","remotePort":63573},"msg":"incoming request"}
{"level":30,"time":1780731169206,"pid":14808,"hostname":"Prakhar","reqId":"req-g","res":{"statusCode":200},"responseTime":2.6098999977111816,"msg":"request completed"}
{"level":30,"time":1780731169206,"pid":14808,"hostname":"Prakhar","reqId":"req-h","req":{"method":"GET","url":"/api/v1/alerts","host":"localhost:5003","remoteAddress":"127.0.0.1","remotePort":60241},"msg":"incoming request"}
{"level":30,"time":1780731169210,"pid":14808,"hostname":"Prakhar","reqId":"req-h","res":{"statusCode":200},"responseTime":3.4711999893188477,"msg":"request completed"}
{"level":30,"time":1780731169214,"pid":14808,"hostname":"Prakhar","reqId":"req-i","req":{"method":"GET","url":"/api/v1/alerts","host":"localhost:5003","remoteAddress":"127.0.0.1","remotePort":60241},"msg":"incoming request"}
{"level":30,"time":1780731169216,"pid":14808,"hostname":"Prakhar","reqId":"req-i","res":{"statusCode":200},"responseTime":2.029900014400482,"msg":"request completed"}
{"level":50,"time":1780731169230,"pid":14808,"hostname":"Prakhar","err":{"type":"PrismaClientKnownRequestError","message":"\nInvalid `prisma.alert.create()` invocation in\nD:\\Track 1\\apps\\alert-service\\src\\server.ts:97:44\n\n  94 \n  95 if (triggerAlert && event.tenantId) {\n  96   try {\n→ 97     const alert = await prisma.alert.create(\nForeign key constraint violated: `Alert_organizationId_fkey (index)`","stack":"PrismaClientKnownRequestError: \nInvalid `prisma.alert.create()` invocation in\nD:\\Track 1\\apps\\alert-service\\src\\server.ts:97:44\n\n  94 \n  95 if (triggerAlert && event.tenantId) {\n  96   try {\n→ 97     const alert = await prisma.alert.create(\nForeign key constraint violated: `Alert_organizationId_fkey (index)`\n    at $n.handleRequestError (D:\\Track 1\\node_modules\\@prisma\\client\\runtime\\library.js:121:7315)\n    at $n.handleAndLogRequestError (D:\\Track 1\\node_modules\\@prisma\\client\\runtime\\library.js:121:6623)\n    at $n.request (D:\\Track 1\\node_modules\\@prisma\\client\\runtime\\library.js:121:6307)\n    at l (D:\\Track 1\\node_modules\\@prisma\\client\\runtime\\library.js:130:9633)\n    at D:\\Track 1\\apps\\alert-service\\src\\server.ts:97:25\n    at Runner.eachMessage (D:\\Track 1\\packages\\kafka\\src\\consumer.js:12:13)\n    at Runner.processEachMessage (D:\\Track 1\\node_modules\\kafkajs\\src\\consumer\\runner.js:231:9)\n    at onBatch (D:\\Track 1\\node_modules\\kafkajs\\src\\consumer\\runner.js:447:9)\n    at Runner.handleBatch (D:\\Track 1\\node_modules\\kafkajs\\src\\consumer\\runner.js:461:5)\n    at D:\\Track 1\\node_modules\\kafkajs\\src\\consumer\\worker.js:29:9","name":"PrismaClientKnownRequestError","code":"P2003","clientVersion":"5.22.0","meta":{"modelName":"Alert","field_name":"Alert_organizationId_fkey (index)"}},"tenantId":"anonymous","msg":"Failed to persist alert"}
{"level":50,"time":1780731169233,"pid":14808,"hostname":"Prakhar","err":{"type":"PrismaClientKnownRequestError","message":"\nInvalid `prisma.alert.create()` invocation in\nD:\\Track 1\\apps\\alert-service\\src\\server.ts:97:44\n\n  94 \n  95 if (triggerAlert && event.tenantId) {\n  96   try {\n→ 97     const alert = await prisma.alert.create(\nForeign key constraint violated: `Alert_organizationId_fkey (index)`","stack":"PrismaClientKnownRequestError: \nInvalid `prisma.alert.create()` invocation in\nD:\\Track 1\\apps\\alert-service\\src\\server.ts:97:44\n\n  94 \n  95 if (triggerAlert && event.tenantId) {\n  96   try {\n→ 97     const alert = await prisma.alert.create(\nForeign key constraint violated: `Alert_organizationId_fkey (index)`\n    at $n.handleRequestError (D:\\Track 1\\node_modules\\@prisma\\client\\runtime\\library.js:121:7315)\n    at $n.handleAndLogRequestError (D:\\Track 1\\node_modules\\@prisma\\client\\runtime\\library.js:121:6623)\n    at $n.request (D:\\Track 1\\node_modules\\@prisma\\client\\runtime\\library.js:121:6307)\n    at l (D:\\Track 1\\node_modules\\@prisma\\client\\runtime\\library.js:130:9633)\n    at D:\\Track 1\\apps\\alert-service\\src\\server.ts:97:25\n    at Runner.eachMessage (D:\\Track 1\\packages\\kafka\\src\\consumer.js:12:13)\n    at Runner.processEachMessage (D:\\Track 1\\node_modules\\kafkajs\\src\\consumer\\runner.js:231:9)\n    at onBatch (D:\\Track 1\\node_modules\\kafkajs\\src\\consumer\\runner.js:447:9)\n    at Runner.handleBatch (D:\\Track 1\\node_modules\\kafkajs\\src\\consumer\\runner.js:461:5)\n    at D:\\Track 1\\node_modules\\kafkajs\\src\\consumer\\worker.js:29:9","name":"PrismaClientKnownRequestError","code":"P2003","clientVersion":"5.22.0","meta":{"modelName":"Alert","field_name":"Alert_organizationId_fkey (index)"}},"tenantId":"anonymous","msg":"Failed to persist alert"}
{"level":30,"time":1780731169235,"pid":14808,"hostname":"Prakhar","reqId":"req-j","req":{"method":"GET","url":"/api/v1/alerts","host":"localhost:5003","remoteAddress":"127.0.0.1","remotePort":60241},"msg":"incoming request"}
{"level":30,"time":1780731169237,"pid":14808,"hostname":"Prakhar","reqId":"req-j","res":{"statusCode":200},"responseTime":1.960999995470047,"msg":"request completed"}
{"level":50,"time":1780731169251,"pid":14808,"hostname":"Prakhar","err":{"type":"PrismaClientKnownRequestError","message":"\nInvalid `prisma.alert.create()` invocation in\nD:\\Track 1\\apps\\alert-service\\src\\server.ts:97:44\n\n  94 \n  95 if (triggerAlert && event.tenantId) {\n  96   try {\n→ 97     const alert = await prisma.alert.create(\nForeign key constraint violated: `Alert_organizationId_fkey (index)`","stack":"PrismaClientKnownRequestError: \nInvalid `prisma.alert.create()` invocation in\nD:\\Track 1\\apps\\alert-service\\src\\server.ts:97:44\n\n  94 \n  95 if (triggerAlert && event.tenantId) {\n  96   try {\n→ 97     const alert = await prisma.alert.create(\nForeign key constraint violated: `Alert_organizationId_fkey (index)`\n    at $n.handleRequestError (D:\\Track 1\\node_modules\\@prisma\\client\\runtime\\library.js:121:7315)\n    at $n.handleAndLogRequestError (D:\\Track 1\\node_modules\\@prisma\\client\\runtime\\library.js:121:6623)\n    at $n.request (D:\\Track 1\\node_modules\\@prisma\\client\\runtime\\library.js:121:6307)\n    at l (D:\\Track 1\\node_modules\\@prisma\\client\\runtime\\library.js:130:9633)\n    at D:\\Track 1\\apps\\alert-service\\src\\server.ts:97:25\n    at Runner.eachMessage (D:\\Track 1\\packages\\kafka\\src\\consumer.js:12:13)\n    at Runner.processEachMessage (D:\\Track 1\\node_modules\\kafkajs\\src\\consumer\\runner.js:231:9)\n    at onBatch (D:\\Track 1\\node_modules\\kafkajs\\src\\consumer\\runner.js:447:9)\n    at Runner.handleBatch (D:\\Track 1\\node_modules\\kafkajs\\src\\consumer\\runner.js:461:5)\n    at D:\\Track 1\\node_modules\\kafkajs\\src\\consumer\\worker.js:29:9","name":"PrismaClientKnownRequestError","code":"P2003","clientVersion":"5.22.0","meta":{"modelName":"Alert","field_name":"Alert_organizationId_fkey (index)"}},"tenantId":"anonymous","msg":"Failed to persist alert"}
{"level":50,"time":1780731169255,"pid":14808,"hostname":"Prakhar","err":{"type":"PrismaClientKnownRequestError","message":"\nInvalid `prisma.alert.create()` invocation in\nD:\\Track 1\\apps\\alert-service\\src\\server.ts:97:44\n\n  94 \n  95 if (triggerAlert && event.tenantId) {\n  96   try {\n→ 97     const alert = await prisma.alert.create(\nForeign key constraint violated: `Alert_organizationId_fkey (index)`","stack":"PrismaClientKnownRequestError: \nInvalid `prisma.alert.create()` invocation in\nD:\\Track 1\\apps\\alert-service\\src\\server.ts:97:44\n\n  94 \n  95 if (triggerAlert && event.tenantId) {\n  96   try {\n→ 97     const alert = await prisma.alert.create(\nForeign key constraint violated: `Alert_organizationId_fkey (index)`\n    at $n.handleRequestError (D:\\Track 1\\node_modules\\@prisma\\client\\runtime\\library.js:121:7315)\n    at $n.handleAndLogRequestError (D:\\Track 1\\node_modules\\@prisma\\client\\runtime\\library.js:121:6623)\n    at $n.request (D:\\Track 1\\node_modules\\@prisma\\client\\runtime\\library.js:121:6307)\n    at l (D:\\Track 1\\node_modules\\@prisma\\client\\runtime\\library.js:130:9633)\n    at D:\\Track 1\\apps\\alert-service\\src\\server.ts:97:25\n    at Runner.eachMessage (D:\\Track 1\\packages\\kafka\\src\\consumer.js:12:13)\n    at Runner.processEachMessage (D:\\Track 1\\node_modules\\kafkajs\\src\\consumer\\runner.js:231:9)\n    at onBatch (D:\\Track 1\\node_modules\\kafkajs\\src\\consumer\\runner.js:447:9)\n    at Runner.handleBatch (D:\\Track 1\\node_modules\\kafkajs\\src\\consumer\\runner.js:461:5)\n    at D:\\Track 1\\node_modules\\kafkajs\\src\\consumer\\worker.js:29:9","name":"PrismaClientKnownRequestError","code":"P2003","clientVersion":"5.22.0","meta":{"modelName":"Alert","field_name":"Alert_organizationId_fkey (index)"}},"tenantId":"anonymous","msg":"Failed to persist alert"}
{"level":30,"time":1780731169260,"pid":14808,"hostname":"Prakhar","reqId":"req-k","req":{"method":"GET","url":"/api/v1/alerts","host":"localhost:5003","remoteAddress":"127.0.0.1","remotePort":60241},"msg":"incoming request"}
{"level":30,"time":1780731169262,"pid":14808,"hostname":"Prakhar","reqId":"req-k","res":{"statusCode":200},"responseTime":2.327800005674362,"msg":"request completed"}
{"level":50,"time":1780731169277,"pid":14808,"hostname":"Prakhar","err":{"type":"PrismaClientKnownRequestError","message":"\nInvalid `prisma.alert.create()` invocation in\nD:\\Track 1\\apps\\alert-service\\src\\server.ts:97:44\n\n  94 \n  95 if (triggerAlert && event.tenantId) {\n  96   try {\n→ 97     const alert = await prisma.alert.create(\nForeign key constraint violated: `Alert_organizationId_fkey (index)`","stack":"PrismaClientKnownRequestError: \nInvalid `prisma.alert.create()` invocation in\nD:\\Track 1\\apps\\alert-service\\src\\server.ts:97:44\n\n  94 \n  95 if (triggerAlert && event.tenantId) {\n  96   try {\n→ 97     const alert = await prisma.alert.create(\nForeign key constraint violated: `Alert_organizationId_fkey (index)`\n    at $n.handleRequestError (D:\\Track 1\\node_modules\\@prisma\\client\\runtime\\library.js:121:7315)\n    at $n.handleAndLogRequestError (D:\\Track 1\\node_modules\\@prisma\\client\\runtime\\library.js:121:6623)\n    at $n.request (D:\\Track 1\\node_modules\\@prisma\\client\\runtime\\library.js:121:6307)\n    at l (D:\\Track 1\\node_modules\\@prisma\\client\\runtime\\library.js:130:9633)\n    at D:\\Track 1\\apps\\alert-service\\src\\server.ts:97:25\n    at Runner.eachMessage (D:\\Track 1\\packages\\kafka\\src\\consumer.js:12:13)\n    at Runner.processEachMessage (D:\\Track 1\\node_modules\\kafkajs\\src\\consumer\\runner.js:231:9)\n    at onBatch (D:\\Track 1\\node_modules\\kafkajs\\src\\consumer\\runner.js:447:9)\n    at Runner.handleBatch (D:\\Track 1\\node_modules\\kafkajs\\src\\consumer\\runner.js:461:5)\n    at D:\\Track 1\\node_modules\\kafkajs\\src\\consumer\\worker.js:29:9","name":"PrismaClientKnownRequestError","code":"P2003","clientVersion":"5.22.0","meta":{"modelName":"Alert","field_name":"Alert_organizationId_fkey (index)"}},"tenantId":"anonymous","msg":"Failed to persist alert"}
{"level":50,"time":1780731169280,"pid":14808,"hostname":"Prakhar","err":{"type":"PrismaClientKnownRequestError","message":"\nInvalid `prisma.alert.create()` invocation in\nD:\\Track 1\\apps\\alert-service\\src\\server.ts:97:44\n\n  94 \n  95 if (triggerAlert && event.tenantId) {\n  96   try {\n→ 97     const alert = await prisma.alert.create(\nForeign key constraint violated: `Alert_organizationId_fkey (index)`","stack":"PrismaClientKnownRequestError: \nInvalid `prisma.alert.create()` invocation in\nD:\\Track 1\\apps\\alert-service\\src\\server.ts:97:44\n\n  94 \n  95 if (triggerAlert && event.tenantId) {\n  96   try {\n→ 97     const alert = await prisma.alert.create(\nForeign key constraint violated: `Alert_organizationId_fkey (index)`\n    at $n.handleRequestError (D:\\Track 1\\node_modules\\@prisma\\client\\runtime\\library.js:121:7315)\n    at $n.handleAndLogRequestError (D:\\Track 1\\node_modules\\@prisma\\client\\runtime\\library.js:121:6623)\n    at $n.request (D:\\Track 1\\node_modules\\@prisma\\client\\runtime\\library.js:121:6307)\n    at l (D:\\Track 1\\node_modules\\@prisma\\client\\runtime\\library.js:130:9633)\n    at D:\\Track 1\\apps\\alert-service\\src\\server.ts:97:25\n    at Runner.eachMessage (D:\\Track 1\\packages\\kafka\\src\\consumer.js:12:13)\n    at Runner.processEachMessage (D:\\Track 1\\node_modules\\kafkajs\\src\\consumer\\runner.js:231:9)\n    at onBatch (D:\\Track 1\\node_modules\\kafkajs\\src\\consumer\\runner.js:447:9)\n    at Runner.handleBatch (D:\\Track 1\\node_modules\\kafkajs\\src\\consumer\\runner.js:461:5)\n    at D:\\Track 1\\node_modules\\kafkajs\\src\\consumer\\worker.js:29:9","name":"PrismaClientKnownRequestError","code":"P2003","clientVersion":"5.22.0","meta":{"modelName":"Alert","field_name":"Alert_organizationId_fkey (index)"}},"tenantId":"anonymous","msg":"Failed to persist alert"}
{"level":30,"time":1780731179265,"pid":14808,"hostname":"Prakhar","reqId":"req-l","req":{"method":"OPTIONS","url":"/api/v1/alerts","host":"localhost:5003","remoteAddress":"127.0.0.1","remotePort":60241},"msg":"incoming request"}
{"level":30,"time":1780731179265,"pid":14808,"hostname":"Prakhar","reqId":"req-l","res":{"statusCode":204},"responseTime":0.3440000116825104,"msg":"request completed"}
{"level":30,"time":1780731179270,"pid":14808,"hostname":"Prakhar","reqId":"req-m","req":{"method":"GET","url":"/api/v1/alerts","host":"localhost:5003","remoteAddress":"127.0.0.1","remotePort":60241},"msg":"incoming request"}
{"level":30,"time":1780731179273,"pid":14808,"hostname":"Prakhar","reqId":"req-m","res":{"statusCode":200},"responseTime":2.4513999819755554,"msg":"request completed"}
{"level":50,"time":1780731179289,"pid":14808,"hostname":"Prakhar","err":{"type":"PrismaClientKnownRequestError","message":"\nInvalid `prisma.alert.create()` invocation in\nD:\\Track 1\\apps\\alert-service\\src\\server.ts:97:44\n\n  94 \n  95 if (triggerAlert && event.tenantId) {\n  96   try {\n→ 97     const alert = await prisma.alert.create(\nForeign key constraint violated: `Alert_organizationId_fkey (index)`","stack":"PrismaClientKnownRequestError: \nInvalid `prisma.alert.create()` invocation in\nD:\\Track 1\\apps\\alert-service\\src\\server.ts:97:44\n\n  94 \n  95 if (triggerAlert && event.tenantId) {\n  96   try {\n→ 97     const alert = await prisma.alert.create(\nForeign key constraint violated: `Alert_organizationId_fkey (index)`\n    at $n.handleRequestError (D:\\Track 1\\node_modules\\@prisma\\client\\runtime\\library.js:121:7315)\n    at $n.handleAndLogRequestError (D:\\Track 1\\node_modules\\@prisma\\client\\runtime\\library.js:121:6623)\n    at $n.request (D:\\Track 1\\node_modules\\@prisma\\client\\runtime\\library.js:121:6307)\n    at l (D:\\Track 1\\node_modules\\@prisma\\client\\runtime\\library.js:130:9633)\n    at D:\\Track 1\\apps\\alert-service\\src\\server.ts:97:25\n    at Runner.eachMessage (D:\\Track 1\\packages\\kafka\\src\\consumer.js:12:13)\n    at Runner.processEachMessage (D:\\Track 1\\node_modules\\kafkajs\\src\\consumer\\runner.js:231:9)\n    at onBatch (D:\\Track 1\\node_modules\\kafkajs\\src\\consumer\\runner.js:447:9)\n    at Runner.handleBatch (D:\\Track 1\\node_modules\\kafkajs\\src\\consumer\\runner.js:461:5)\n    at D:\\Track 1\\node_modules\\kafkajs\\src\\consumer\\worker.js:29:9","name":"PrismaClientKnownRequestError","code":"P2003","clientVersion":"5.22.0","meta":{"modelName":"Alert","field_name":"Alert_organizationId_fkey (index)"}},"tenantId":"anonymous","msg":"Failed to persist alert"}
{"level":50,"time":1780731179292,"pid":14808,"hostname":"Prakhar","err":{"type":"PrismaClientKnownRequestError","message":"\nInvalid `prisma.alert.create()` invocation in\nD:\\Track 1\\apps\\alert-service\\src\\server.ts:97:44\n\n  94 \n  95 if (triggerAlert && event.tenantId) {\n  96   try {\n→ 97     const alert = await prisma.alert.create(\nForeign key constraint violated: `Alert_organizationId_fkey (index)`","stack":"PrismaClientKnownRequestError: \nInvalid `prisma.alert.create()` invocation in\nD:\\Track 1\\apps\\alert-service\\src\\server.ts:97:44\n\n  94 \n  95 if (triggerAlert && event.tenantId) {\n  96   try {\n→ 97     const alert = await prisma.alert.create(\nForeign key constraint violated: `Alert_organizationId_fkey (index)`\n    at $n.handleRequestError (D:\\Track 1\\node_modules\\@prisma\\client\\runtime\\library.js:121:7315)\n    at $n.handleAndLogRequestError (D:\\Track 1\\node_modules\\@prisma\\client\\runtime\\library.js:121:6623)\n    at $n.request (D:\\Track 1\\node_modules\\@prisma\\client\\runtime\\library.js:121:6307)\n    at l (D:\\Track 1\\node_modules\\@prisma\\client\\runtime\\library.js:130:9633)\n    at D:\\Track 1\\apps\\alert-service\\src\\server.ts:97:25\n    at Runner.eachMessage (D:\\Track 1\\packages\\kafka\\src\\consumer.js:12:13)\n    at Runner.processEachMessage (D:\\Track 1\\node_modules\\kafkajs\\src\\consumer\\runner.js:231:9)\n    at onBatch (D:\\Track 1\\node_modules\\kafkajs\\src\\consumer\\runner.js:447:9)\n    at Runner.handleBatch (D:\\Track 1\\node_modules\\kafkajs\\src\\consumer\\runner.js:461:5)\n    at D:\\Track 1\\node_modules\\kafkajs\\src\\consumer\\worker.js:29:9","name":"PrismaClientKnownRequestError","code":"P2003","clientVersion":"5.22.0","meta":{"modelName":"Alert","field_name":"Alert_organizationId_fkey (index)"}},"tenantId":"anonymous","msg":"Failed to persist alert"}
{"level":30,"time":1780731189270,"pid":14808,"hostname":"Prakhar","reqId":"req-n","req":{"method":"OPTIONS","url":"/api/v1/alerts","host":"localhost:5003","remoteAddress":"127.0.0.1","remotePort":60241},"msg":"incoming request"}
{"level":30,"time":1780731189271,"pid":14808,"hostname":"Prakhar","reqId":"req-n","res":{"statusCode":204},"responseTime":0.5728000104427338,"msg":"request completed"}
{"level":30,"time":1780731189278,"pid":14808,"hostname":"Prakhar","reqId":"req-o","req":{"method":"GET","url":"/api/v1/alerts","host":"localhost:5003","remoteAddress":"127.0.0.1","remotePort":60241},"msg":"incoming request"}
{"level":30,"time":1780731189282,"pid":14808,"hostname":"Prakhar","reqId":"req-o","res":{"statusCode":200},"responseTime":4.022999972105026,"msg":"request completed"}
{"level":50,"time":1780731189301,"pid":14808,"hostname":"Prakhar","err":{"type":"PrismaClientKnownRequestError","message":"\nInvalid `prisma.alert.create()` invocation in\nD:\\Track 1\\apps\\alert-service\\src\\server.ts:97:44\n\n  94 \n  95 if (triggerAlert && event.tenantId) {\n  96   try {\n→ 97     const alert = await prisma.alert.create(\nForeign key constraint violated: `Alert_organizationId_fkey (index)`","stack":"PrismaClientKnownRequestError: \nInvalid `prisma.alert.create()` invocation in\nD:\\Track 1\\apps\\alert-service\\src\\server.ts:97:44\n\n  94 \n  95 if (triggerAlert && event.tenantId) {\n  96   try {\n→ 97     const alert = await prisma.alert.create(\nForeign key constraint violated: `Alert_organizationId_fkey (index)`\n    at $n.handleRequestError (D:\\Track 1\\node_modules\\@prisma\\client\\runtime\\library.js:121:7315)\n    at $n.handleAndLogRequestError (D:\\Track 1\\node_modules\\@prisma\\client\\runtime\\library.js:121:6623)\n    at $n.request (D:\\Track 1\\node_modules\\@prisma\\client\\runtime\\library.js:121:6307)\n    at l (D:\\Track 1\\node_modules\\@prisma\\client\\runtime\\library.js:130:9633)\n    at D:\\Track 1\\apps\\alert-service\\src\\server.ts:97:25\n    at Runner.eachMessage (D:\\Track 1\\packages\\kafka\\src\\consumer.js:12:13)\n    at Runner.processEachMessage (D:\\Track 1\\node_modules\\kafkajs\\src\\consumer\\runner.js:231:9)\n    at onBatch (D:\\Track 1\\node_modules\\kafkajs\\src\\consumer\\runner.js:447:9)\n    at Runner.handleBatch (D:\\Track 1\\node_modules\\kafkajs\\src\\consumer\\runner.js:461:5)\n    at D:\\Track 1\\node_modules\\kafkajs\\src\\consumer\\worker.js:29:9","name":"PrismaClientKnownRequestError","code":"P2003","clientVersion":"5.22.0","meta":{"modelName":"Alert","field_name":"Alert_organizationId_fkey (index)"}},"tenantId":"anonymous","msg":"Failed to persist alert"}
{"level":50,"time":1780731189314,"pid":14808,"hostname":"Prakhar","err":{"type":"PrismaClientKnownRequestError","message":"\nInvalid `prisma.alert.create()` invocation in\nD:\\Track 1\\apps\\alert-service\\src\\server.ts:97:44\n\n  94 \n  95 if (triggerAlert && event.tenantId) {\n  96   try {\n→ 97     const alert = await prisma.alert.create(\nForeign key constraint violated: `Alert_organizationId_fkey (index)`","stack":"PrismaClientKnownRequestError: \nInvalid `prisma.alert.create()` invocation in\nD:\\Track 1\\apps\\alert-service\\src\\server.ts:97:44\n\n  94 \n  95 if (triggerAlert && event.tenantId) {\n  96   try {\n→ 97     const alert = await prisma.alert.create(\nForeign key constraint violated: `Alert_organizationId_fkey (index)`\n    at $n.handleRequestError (D:\\Track 1\\node_modules\\@prisma\\client\\runtime\\library.js:121:7315)\n    at $n.handleAndLogRequestError (D:\\Track 1\\node_modules\\@prisma\\client\\runtime\\library.js:121:6623)\n    at $n.request (D:\\Track 1\\node_modules\\@prisma\\client\\runtime\\library.js:121:6307)\n    at l (D:\\Track 1\\node_modules\\@prisma\\client\\runtime\\library.js:130:9633)\n    at D:\\Track 1\\apps\\alert-service\\src\\server.ts:97:25\n    at Runner.eachMessage (D:\\Track 1\\packages\\kafka\\src\\consumer.js:12:13)\n    at Runner.processEachMessage (D:\\Track 1\\node_modules\\kafkajs\\src\\consumer\\runner.js:231:9)\n    at onBatch (D:\\Track 1\\node_modules\\kafkajs\\src\\consumer\\runner.js:447:9)\n    at Runner.handleBatch (D:\\Track 1\\node_modules\\kafkajs\\src\\consumer\\runner.js:461:5)\n    at D:\\Track 1\\node_modules\\kafkajs\\src\\consumer\\worker.js:29:9","name":"PrismaClientKnownRequestError","code":"P2003","clientVersion":"5.22.0","meta":{"modelName":"Alert","field_name":"Alert_organizationId_fkey (index)"}},"tenantId":"anonymous","msg":"Failed to persist alert"}
{"level":30,"time":1780731199280,"pid":14808,"hostname":"Prakhar","reqId":"req-p","req":{"method":"OPTIONS","url":"/api/v1/alerts","host":"localhost:5003","remoteAddress":"127.0.0.1","remotePort":60241},"msg":"incoming request"}
{"level":30,"time":1780731199280,"pid":14808,"hostname":"Prakhar","reqId":"req-p","res":{"statusCode":204},"responseTime":0.5180000066757202,"msg":"request completed"}
{"level":30,"time":1780731199289,"pid":14808,"hostname":"Prakhar","reqId":"req-q","req":{"method":"GET","url":"/api/v1/alerts","host":"localhost:5003","remoteAddress":"127.0.0.1","remotePort":60241},"msg":"incoming request"}
{"level":30,"time":1780731199293,"pid":14808,"hostname":"Prakhar","reqId":"req-q","res":{"statusCode":200},"responseTime":3.7056999802589417,"msg":"request completed"}
{"level":50,"time":1780731199313,"pid":14808,"hostname":"Prakhar","err":{"type":"PrismaClientKnownRequestError","message":"\nInvalid `prisma.alert.create()` invocation in\nD:\\Track 1\\apps\\alert-service\\src\\server.ts:97:44\n\n  94 \n  95 if (triggerAlert && event.tenantId) {\n  96   try {\n→ 97     const alert = await prisma.alert.create(\nForeign key constraint violated: `Alert_organizationId_fkey (index)`","stack":"PrismaClientKnownRequestError: \nInvalid `prisma.alert.create()` invocation in\nD:\\Track 1\\apps\\alert-service\\src\\server.ts:97:44\n\n  94 \n  95 if (triggerAlert && event.tenantId) {\n  96   try {\n→ 97     const alert = await prisma.alert.create(\nForeign key constraint violated: `Alert_organizationId_fkey (index)`\n    at $n.handleRequestError (D:\\Track 1\\node_modules\\@prisma\\client\\runtime\\library.js:121:7315)\n    at $n.handleAndLogRequestError (D:\\Track 1\\node_modules\\@prisma\\client\\runtime\\library.js:121:6623)\n    at $n.request (D:\\Track 1\\node_modules\\@prisma\\client\\runtime\\library.js:121:6307)\n    at l (D:\\Track 1\\node_modules\\@prisma\\client\\runtime\\library.js:130:9633)\n    at D:\\Track 1\\apps\\alert-service\\src\\server.ts:97:25\n    at Runner.eachMessage (D:\\Track 1\\packages\\kafka\\src\\consumer.js:12:13)\n    at Runner.processEachMessage (D:\\Track 1\\node_modules\\kafkajs\\src\\consumer\\runner.js:231:9)\n    at onBatch (D:\\Track 1\\node_modules\\kafkajs\\src\\consumer\\runner.js:447:9)\n    at Runner.handleBatch (D:\\Track 1\\node_modules\\kafkajs\\src\\consumer\\runner.js:461:5)\n    at D:\\Track 1\\node_modules\\kafkajs\\src\\consumer\\worker.js:29:9","name":"PrismaClientKnownRequestError","code":"P2003","clientVersion":"5.22.0","meta":{"modelName":"Alert","field_name":"Alert_organizationId_fkey (index)"}},"tenantId":"anonymous","msg":"Failed to persist alert"}
{"level":50,"time":1780731199327,"pid":14808,"hostname":"Prakhar","err":{"type":"PrismaClientKnownRequestError","message":"\nInvalid `prisma.alert.create()` invocation in\nD:\\Track 1\\apps\\alert-service\\src\\server.ts:97:44\n\n  94 \n  95 if (triggerAlert && event.tenantId) {\n  96   try {\n→ 97     const alert = await prisma.alert.create(\nForeign key constraint violated: `Alert_organizationId_fkey (index)`","stack":"PrismaClientKnownRequestError: \nInvalid `prisma.alert.create()` invocation in\nD:\\Track 1\\apps\\alert-service\\src\\server.ts:97:44\n\n  94 \n  95 if (triggerAlert && event.tenantId) {\n  96   try {\n→ 97     const alert = await prisma.alert.create(\nForeign key constraint violated: `Alert_organizationId_fkey (index)`\n    at $n.handleRequestError (D:\\Track 1\\node_modules\\@prisma\\client\\runtime\\library.js:121:7315)\n    at $n.handleAndLogRequestError (D:\\Track 1\\node_modules\\@prisma\\client\\runtime\\library.js:121:6623)\n    at $n.request (D:\\Track 1\\node_modules\\@prisma\\client\\runtime\\library.js:121:6307)\n    at l (D:\\Track 1\\node_modules\\@prisma\\client\\runtime\\library.js:130:9633)\n    at D:\\Track 1\\apps\\alert-service\\src\\server.ts:97:25\n    at Runner.eachMessage (D:\\Track 1\\packages\\kafka\\src\\consumer.js:12:13)\n    at Runner.processEachMessage (D:\\Track 1\\node_modules\\kafkajs\\src\\consumer\\runner.js:231:9)\n    at onBatch (D:\\Track 1\\node_modules\\kafkajs\\src\\consumer\\runner.js:447:9)\n    at Runner.handleBatch (D:\\Track 1\\node_modules\\kafkajs\\src\\consumer\\runner.js:461:5)\n    at D:\\Track 1\\node_modules\\kafkajs\\src\\consumer\\worker.js:29:9","name":"PrismaClientKnownRequestError","code":"P2003","clientVersion":"5.22.0","meta":{"modelName":"Alert","field_name":"Alert_organizationId_fkey (index)"}},"tenantId":"anonymous","msg":"Failed to persist alert"}
{"level":30,"time":1780731209303,"pid":14808,"hostname":"Prakhar","reqId":"req-r","req":{"method":"OPTIONS","url":"/api/v1/alerts","host":"localhost:5003","remoteAddress":"127.0.0.1","remotePort":60241},"msg":"incoming request"}
{"level":30,"time":1780731209304,"pid":14808,"hostname":"Prakhar","reqId":"req-r","res":{"statusCode":204},"responseTime":0.697299987077713,"msg":"request completed"}
{"level":30,"time":1780731209314,"pid":14808,"hostname":"Prakhar","reqId":"req-s","req":{"method":"GET","url":"/api/v1/alerts","host":"localhost:5003","remoteAddress":"127.0.0.1","remotePort":60241},"msg":"incoming request"}
{"level":30,"time":1780731209318,"pid":14808,"hostname":"Prakhar","reqId":"req-s","res":{"statusCode":200},"responseTime":4.073699980974197,"msg":"request completed"}
{"level":50,"time":1780731209332,"pid":14808,"hostname":"Prakhar","err":{"type":"PrismaClientKnownRequestError","message":"\nInvalid `prisma.alert.create()` invocation in\nD:\\Track 1\\apps\\alert-service\\src\\server.ts:97:44\n\n  94 \n  95 if (triggerAlert && event.tenantId) {\n  96   try {\n→ 97     const alert = await prisma.alert.create(\nForeign key constraint violated: `Alert_organizationId_fkey (index)`","stack":"PrismaClientKnownRequestError: \nInvalid `prisma.alert.create()` invocation in\nD:\\Track 1\\apps\\alert-service\\src\\server.ts:97:44\n\n  94 \n  95 if (triggerAlert && event.tenantId) {\n  96   try {\n→ 97     const alert = await prisma.alert.create(\nForeign key constraint violated: `Alert_organizationId_fkey (index)`\n    at $n.handleRequestError (D:\\Track 1\\node_modules\\@prisma\\client\\runtime\\library.js:121:7315)\n    at $n.handleAndLogRequestError (D:\\Track 1\\node_modules\\@prisma\\client\\runtime\\library.js:121:6623)\n    at $n.request (D:\\Track 1\\node_modules\\@prisma\\client\\runtime\\library.js:121:6307)\n    at l (D:\\Track 1\\node_modules\\@prisma\\client\\runtime\\library.js:130:9633)\n    at D:\\Track 1\\apps\\alert-service\\src\\server.ts:97:25\n    at Runner.eachMessage (D:\\Track 1\\packages\\kafka\\src\\consumer.js:12:13)\n    at Runner.processEachMessage (D:\\Track 1\\node_modules\\kafkajs\\src\\consumer\\runner.js:231:9)\n    at onBatch (D:\\Track 1\\node_modules\\kafkajs\\src\\consumer\\runner.js:447:9)\n    at Runner.handleBatch (D:\\Track 1\\node_modules\\kafkajs\\src\\consumer\\runner.js:461:5)\n    at D:\\Track 1\\node_modules\\kafkajs\\src\\consumer\\worker.js:29:9","name":"PrismaClientKnownRequestError","code":"P2003","clientVersion":"5.22.0","meta":{"modelName":"Alert","field_name":"Alert_organizationId_fkey (index)"}},"tenantId":"anonymous","msg":"Failed to persist alert"}
{"level":50,"time":1780731209342,"pid":14808,"hostname":"Prakhar","err":{"type":"PrismaClientKnownRequestError","message":"\nInvalid `prisma.alert.create()` invocation in\nD:\\Track 1\\apps\\alert-service\\src\\server.ts:97:44\n\n  94 \n  95 if (triggerAlert && event.tenantId) {\n  96   try {\n→ 97     const alert = await prisma.alert.create(\nForeign key constraint violated: `Alert_organizationId_fkey (index)`","stack":"PrismaClientKnownRequestError: \nInvalid `prisma.alert.create()` invocation in\nD:\\Track 1\\apps\\alert-service\\src\\server.ts:97:44\n\n  94 \n  95 if (triggerAlert && event.tenantId) {\n  96   try {\n→ 97     const alert = await prisma.alert.create(\nForeign key constraint violated: `Alert_organizationId_fkey (index)`\n    at $n.handleRequestError (D:\\Track 1\\node_modules\\@prisma\\client\\runtime\\library.js:121:7315)\n    at $n.handleAndLogRequestError (D:\\Track 1\\node_modules\\@prisma\\client\\runtime\\library.js:121:6623)\n    at $n.request (D:\\Track 1\\node_modules\\@prisma\\client\\runtime\\library.js:121:6307)\n    at l (D:\\Track 1\\node_modules\\@prisma\\client\\runtime\\library.js:130:9633)\n    at D:\\Track 1\\apps\\alert-service\\src\\server.ts:97:25\n    at Runner.eachMessage (D:\\Track 1\\packages\\kafka\\src\\consumer.js:12:13)\n    at Runner.processEachMessage (D:\\Track 1\\node_modules\\kafkajs\\src\\consumer\\runner.js:231:9)\n    at onBatch (D:\\Track 1\\node_modules\\kafkajs\\src\\consumer\\runner.js:447:9)\n    at Runner.handleBatch (D:\\Track 1\\node_modules\\kafkajs\\src\\consumer\\runner.js:461:5)\n    at D:\\Track 1\\node_modules\\kafkajs\\src\\consumer\\worker.js:29:9","name":"PrismaClientKnownRequestError","code":"P2003","clientVersion":"5.22.0","meta":{"modelName":"Alert","field_name":"Alert_organizationId_fkey (index)"}},"tenantId":"anonymous","msg":"Failed to persist alert"}
{"level":30,"time":1780731219307,"pid":14808,"hostname":"Prakhar","reqId":"req-t","req":{"method":"OPTIONS","url":"/api/v1/alerts","host":"localhost:5003","remoteAddress":"127.0.0.1","remotePort":60241},"msg":"incoming request"}
{"level":30,"time":1780731219308,"pid":14808,"hostname":"Prakhar","reqId":"req-t","res":{"statusCode":204},"responseTime":0.423799991607666,"msg":"request completed"}
{"level":30,"time":1780731219312,"pid":14808,"hostname":"Prakhar","reqId":"req-u","req":{"method":"GET","url":"/api/v1/alerts","host":"localhost:5003","remoteAddress":"127.0.0.1","remotePort":60241},"msg":"incoming request"}
{"level":30,"time":1780731219315,"pid":14808,"hostname":"Prakhar","reqId":"req-u","res":{"statusCode":200},"responseTime":2.983000010251999,"msg":"request completed"}
{"level":50,"time":1780731219342,"pid":14808,"hostname":"Prakhar","err":{"type":"PrismaClientKnownRequestError","message":"\nInvalid `prisma.alert.create()` invocation in\nD:\\Track 1\\apps\\alert-service\\src\\server.ts:97:44\n\n  94 \n  95 if (triggerAlert && event.tenantId) {\n  96   try {\n→ 97     const alert = await prisma.alert.create(\nForeign key constraint violated: `Alert_organizationId_fkey (index)`","stack":"PrismaClientKnownRequestError: \nInvalid `prisma.alert.create()` invocation in\nD:\\Track 1\\apps\\alert-service\\src\\server.ts:97:44\n\n  94 \n  95 if (triggerAlert && event.tenantId) {\n  96   try {\n→ 97     const alert = await prisma.alert.create(\nForeign key constraint violated: `Alert_organizationId_fkey (index)`\n    at $n.handleRequestError (D:\\Track 1\\node_modules\\@prisma\\client\\runtime\\library.js:121:7315)\n    at $n.handleAndLogRequestError (D:\\Track 1\\node_modules\\@prisma\\client\\runtime\\library.js:121:6623)\n    at $n.request (D:\\Track 1\\node_modules\\@prisma\\client\\runtime\\library.js:121:6307)\n    at l (D:\\Track 1\\node_modules\\@prisma\\client\\runtime\\library.js:130:9633)\n    at D:\\Track 1\\apps\\alert-service\\src\\server.ts:97:25\n    at Runner.eachMessage (D:\\Track 1\\packages\\kafka\\src\\consumer.js:12:13)\n    at Runner.processEachMessage (D:\\Track 1\\node_modules\\kafkajs\\src\\consumer\\runner.js:231:9)\n    at onBatch (D:\\Track 1\\node_modules\\kafkajs\\src\\consumer\\runner.js:447:9)\n    at Runner.handleBatch (D:\\Track 1\\node_modules\\kafkajs\\src\\consumer\\runner.js:461:5)\n    at D:\\Track 1\\node_modules\\kafkajs\\src\\consumer\\worker.js:29:9","name":"PrismaClientKnownRequestError","code":"P2003","clientVersion":"5.22.0","meta":{"modelName":"Alert","field_name":"Alert_organizationId_fkey (index)"}},"tenantId":"anonymous","msg":"Failed to persist alert"}
{"level":50,"time":1780731219355,"pid":14808,"hostname":"Prakhar","err":{"type":"PrismaClientKnownRequestError","message":"\nInvalid `prisma.alert.create()` invocation in\nD:\\Track 1\\apps\\alert-service\\src\\server.ts:97:44\n\n  94 \n  95 if (triggerAlert && event.tenantId) {\n  96   try {\n→ 97     const alert = await prisma.alert.create(\nForeign key constraint violated: `Alert_organizationId_fkey (index)`","stack":"PrismaClientKnownRequestError: \nInvalid `prisma.alert.create()` invocation in\nD:\\Track 1\\apps\\alert-service\\src\\server.ts:97:44\n\n  94 \n  95 if (triggerAlert && event.tenantId) {\n  96   try {\n→ 97     const alert = await prisma.alert.create(\nForeign key constraint violated: `Alert_organizationId_fkey (index)`\n    at $n.handleRequestError (D:\\Track 1\\node_modules\\@prisma\\client\\runtime\\library.js:121:7315)\n    at $n.handleAndLogRequestError (D:\\Track 1\\node_modules\\@prisma\\client\\runtime\\library.js:121:6623)\n    at $n.request (D:\\Track 1\\node_modules\\@prisma\\client\\runtime\\library.js:121:6307)\n    at l (D:\\Track 1\\node_modules\\@prisma\\client\\runtime\\library.js:130:9633)\n    at D:\\Track 1\\apps\\alert-service\\src\\server.ts:97:25\n    at Runner.eachMessage (D:\\Track 1\\packages\\kafka\\src\\consumer.js:12:13)\n    at Runner.processEachMessage (D:\\Track 1\\node_modules\\kafkajs\\src\\consumer\\runner.js:231:9)\n    at onBatch (D:\\Track 1\\node_modules\\kafkajs\\src\\consumer\\runner.js:447:9)\n    at Runner.handleBatch (D:\\Track 1\\node_modules\\kafkajs\\src\\consumer\\runner.js:461:5)\n    at D:\\Track 1\\node_modules\\kafkajs\\src\\consumer\\worker.js:29:9","name":"PrismaClientKnownRequestError","code":"P2003","clientVersion":"5.22.0","meta":{"modelName":"Alert","field_name":"Alert_organizationId_fkey (index)"}},"tenantId":"anonymous","msg":"Failed to persist alert"}
{"level":50,"time":1780731226146,"pid":14808,"hostname":"Prakhar","err":{"type":"PrismaClientKnownRequestError","message":"\nInvalid `prisma.alert.create()` invocation in\nD:\\Track 1\\apps\\alert-service\\src\\server.ts:97:44\n\n  94 \n  95 if (triggerAlert && event.tenantId) {\n  96   try {\n→ 97     const alert = await prisma.alert.create(\nForeign key constraint violated: `Alert_organizationId_fkey (index)`","stack":"PrismaClientKnownRequestError: \nInvalid `prisma.alert.create()` invocation in\nD:\\Track 1\\apps\\alert-service\\src\\server.ts:97:44\n\n  94 \n  95 if (triggerAlert && event.tenantId) {\n  96   try {\n→ 97     const alert = await prisma.alert.create(\nForeign key constraint violated: `Alert_organizationId_fkey (index)`\n    at $n.handleRequestError (D:\\Track 1\\node_modules\\@prisma\\client\\runtime\\library.js:121:7315)\n    at $n.handleAndLogRequestError (D:\\Track 1\\node_modules\\@prisma\\client\\runtime\\library.js:121:6623)\n    at $n.request (D:\\Track 1\\node_modules\\@prisma\\client\\runtime\\library.js:121:6307)\n    at l (D:\\Track 1\\node_modules\\@prisma\\client\\runtime\\library.js:130:9633)\n    at D:\\Track 1\\apps\\alert-service\\src\\server.ts:97:25\n    at Runner.eachMessage (D:\\Track 1\\packages\\kafka\\src\\consumer.js:12:13)\n    at Runner.processEachMessage (D:\\Track 1\\node_modules\\kafkajs\\src\\consumer\\runner.js:231:9)\n    at onBatch (D:\\Track 1\\node_modules\\kafkajs\\src\\consumer\\runner.js:447:9)\n    at Runner.handleBatch (D:\\Track 1\\node_modules\\kafkajs\\src\\consumer\\runner.js:461:5)\n    at D:\\Track 1\\node_modules\\kafkajs\\src\\consumer\\worker.js:29:9","name":"PrismaClientKnownRequestError","code":"P2003","clientVersion":"5.22.0","meta":{"modelName":"Alert","field_name":"Alert_organizationId_fkey (index)"}},"tenantId":"anonymous","msg":"Failed to persist alert"}
{"level":30,"time":1780731229267,"pid":14808,"hostname":"Prakhar","reqId":"req-v","req":{"method":"OPTIONS","url":"/api/v1/alerts","host":"localhost:5003","remoteAddress":"127.0.0.1","remotePort":60241},"msg":"incoming request"}
{"level":30,"time":1780731229267,"pid":14808,"hostname":"Prakhar","reqId":"req-v","res":{"statusCode":204},"responseTime":0.505299985408783,"msg":"request completed"}
{"level":30,"time":1780731229271,"pid":14808,"hostname":"Prakhar","reqId":"req-w","req":{"method":"GET","url":"/api/v1/alerts","host":"localhost:5003","remoteAddress":"127.0.0.1","remotePort":60241},"msg":"incoming request"}
{"level":30,"time":1780731229275,"pid":14808,"hostname":"Prakhar","reqId":"req-w","res":{"statusCode":200},"responseTime":2.9424999952316284,"msg":"request completed"}
{"level":50,"time":1780731229297,"pid":14808,"hostname":"Prakhar","err":{"type":"PrismaClientKnownRequestError","message":"\nInvalid `prisma.alert.create()` invocation in\nD:\\Track 1\\apps\\alert-service\\src\\server.ts:97:44\n\n  94 \n  95 if (triggerAlert && event.tenantId) {\n  96   try {\n→ 97     const alert = await prisma.alert.create(\nForeign key constraint violated: `Alert_organizationId_fkey (index)`","stack":"PrismaClientKnownRequestError: \nInvalid `prisma.alert.create()` invocation in\nD:\\Track 1\\apps\\alert-service\\src\\server.ts:97:44\n\n  94 \n  95 if (triggerAlert && event.tenantId) {\n  96   try {\n→ 97     const alert = await prisma.alert.create(\nForeign key constraint violated: `Alert_organizationId_fkey (index)`\n    at $n.handleRequestError (D:\\Track 1\\node_modules\\@prisma\\client\\runtime\\library.js:121:7315)\n    at $n.handleAndLogRequestError (D:\\Track 1\\node_modules\\@prisma\\client\\runtime\\library.js:121:6623)\n    at $n.request (D:\\Track 1\\node_modules\\@prisma\\client\\runtime\\library.js:121:6307)\n    at l (D:\\Track 1\\node_modules\\@prisma\\client\\runtime\\library.js:130:9633)\n    at D:\\Track 1\\apps\\alert-service\\src\\server.ts:97:25\n    at Runner.eachMessage (D:\\Track 1\\packages\\kafka\\src\\consumer.js:12:13)\n    at Runner.processEachMessage (D:\\Track 1\\node_modules\\kafkajs\\src\\consumer\\runner.js:231:9)\n    at onBatch (D:\\Track 1\\node_modules\\kafkajs\\src\\consumer\\runner.js:447:9)\n    at Runner.handleBatch (D:\\Track 1\\node_modules\\kafkajs\\src\\consumer\\runner.js:461:5)\n    at D:\\Track 1\\node_modules\\kafkajs\\src\\consumer\\worker.js:29:9","name":"PrismaClientKnownRequestError","code":"P2003","clientVersion":"5.22.0","meta":{"modelName":"Alert","field_name":"Alert_organizationId_fkey (index)"}},"tenantId":"anonymous","msg":"Failed to persist alert"}
{"level":50,"time":1780731229300,"pid":14808,"hostname":"Prakhar","err":{"type":"PrismaClientKnownRequestError","message":"\nInvalid `prisma.alert.create()` invocation in\nD:\\Track 1\\apps\\alert-service\\src\\server.ts:97:44\n\n  94 \n  95 if (triggerAlert && event.tenantId) {\n  96   try {\n→ 97     const alert = await prisma.alert.create(\nForeign key constraint violated: `Alert_organizationId_fkey (index)`","stack":"PrismaClientKnownRequestError: \nInvalid `prisma.alert.create()` invocation in\nD:\\Track 1\\apps\\alert-service\\src\\server.ts:97:44\n\n  94 \n  95 if (triggerAlert && event.tenantId) {\n  96   try {\n→ 97     const alert = await prisma.alert.create(\nForeign key constraint violated: `Alert_organizationId_fkey (index)`\n    at $n.handleRequestError (D:\\Track 1\\node_modules\\@prisma\\client\\runtime\\library.js:121:7315)\n    at $n.handleAndLogRequestError (D:\\Track 1\\node_modules\\@prisma\\client\\runtime\\library.js:121:6623)\n    at $n.request (D:\\Track 1\\node_modules\\@prisma\\client\\runtime\\library.js:121:6307)\n    at l (D:\\Track 1\\node_modules\\@prisma\\client\\runtime\\library.js:130:9633)\n    at D:\\Track 1\\apps\\alert-service\\src\\server.ts:97:25\n    at Runner.eachMessage (D:\\Track 1\\packages\\kafka\\src\\consumer.js:12:13)\n    at Runner.processEachMessage (D:\\Track 1\\node_modules\\kafkajs\\src\\consumer\\runner.js:231:9)\n    at onBatch (D:\\Track 1\\node_modules\\kafkajs\\src\\consumer\\runner.js:447:9)\n    at Runner.handleBatch (D:\\Track 1\\node_modules\\kafkajs\\src\\consumer\\runner.js:461:5)\n    at D:\\Track 1\\node_modules\\kafkajs\\src\\consumer\\worker.js:29:9","name":"PrismaClientKnownRequestError","code":"P2003","clientVersion":"5.22.0","meta":{"modelName":"Alert","field_name":"Alert_organizationId_fkey (index)"}},"tenantId":"anonymous","msg":"Failed to persist alert"}
{"level":50,"time":1780731231845,"pid":14808,"hostname":"Prakhar","err":{"type":"PrismaClientKnownRequestError","message":"\nInvalid `prisma.alert.create()` invocation in\nD:\\Track 1\\apps\\alert-service\\src\\server.ts:97:44\n\n  94 \n  95 if (triggerAlert && event.tenantId) {\n  96   try {\n→ 97     const alert = await prisma.alert.create(\nForeign key constraint violated: `Alert_organizationId_fkey (index)`","stack":"PrismaClientKnownRequestError: \nInvalid `prisma.alert.create()` invocation in\nD:\\Track 1\\apps\\alert-service\\src\\server.ts:97:44\n\n  94 \n  95 if (triggerAlert && event.tenantId) {\n  96   try {\n→ 97     const alert = await prisma.alert.create(\nForeign key constraint violated: `Alert_organizationId_fkey (index)`\n    at $n.handleRequestError (D:\\Track 1\\node_modules\\@prisma\\client\\runtime\\library.js:121:7315)\n    at $n.handleAndLogRequestError (D:\\Track 1\\node_modules\\@prisma\\client\\runtime\\library.js:121:6623)\n    at $n.request (D:\\Track 1\\node_modules\\@prisma\\client\\runtime\\library.js:121:6307)\n    at l (D:\\Track 1\\node_modules\\@prisma\\client\\runtime\\library.js:130:9633)\n    at D:\\Track 1\\apps\\alert-service\\src\\server.ts:97:25\n    at Runner.eachMessage (D:\\Track 1\\packages\\kafka\\src\\consumer.js:12:13)\n    at Runner.processEachMessage (D:\\Track 1\\node_modules\\kafkajs\\src\\consumer\\runner.js:231:9)\n    at onBatch (D:\\Track 1\\node_modules\\kafkajs\\src\\consumer\\runner.js:447:9)\n    at Runner.handleBatch (D:\\Track 1\\node_modules\\kafkajs\\src\\consumer\\runner.js:461:5)\n    at D:\\Track 1\\node_modules\\kafkajs\\src\\consumer\\worker.js:29:9","name":"PrismaClientKnownRequestError","code":"P2003","clientVersion":"5.22.0","meta":{"modelName":"Alert","field_name":"Alert_organizationId_fkey (index)"}},"tenantId":"anonymous","msg":"Failed to persist alert"}
{"level":30,"time":1780731239321,"pid":14808,"hostname":"Prakhar","reqId":"req-x","req":{"method":"OPTIONS","url":"/api/v1/alerts","host":"localhost:5003","remoteAddress":"127.0.0.1","remotePort":60241},"msg":"incoming request"}
{"level":30,"time":1780731239321,"pid":14808,"hostname":"Prakhar","reqId":"req-x","res":{"statusCode":204},"responseTime":0.7254000008106232,"msg":"request completed"}
{"level":30,"time":1780731239325,"pid":14808,"hostname":"Prakhar","reqId":"req-y","req":{"method":"GET","url":"/api/v1/alerts","host":"localhost:5003","remoteAddress":"127.0.0.1","remotePort":60241},"msg":"incoming request"}
{"level":30,"time":1780731239330,"pid":14808,"hostname":"Prakhar","reqId":"req-y","res":{"statusCode":200},"responseTime":4.230599999427795,"msg":"request completed"}
{"level":50,"time":1780731239367,"pid":14808,"hostname":"Prakhar","err":{"type":"PrismaClientKnownRequestError","message":"\nInvalid `prisma.alert.create()` invocation in\nD:\\Track 1\\apps\\alert-service\\src\\server.ts:97:44\n\n  94 \n  95 if (triggerAlert && event.tenantId) {\n  96   try {\n→ 97     const alert = await prisma.alert.create(\nForeign key constraint violated: `Alert_organizationId_fkey (index)`","stack":"PrismaClientKnownRequestError: \nInvalid `prisma.alert.create()` invocation in\nD:\\Track 1\\apps\\alert-service\\src\\server.ts:97:44\n\n  94 \n  95 if (triggerAlert && event.tenantId) {\n  96   try {\n→ 97     const alert = await prisma.alert.create(\nForeign key constraint violated: `Alert_organizationId_fkey (index)`\n    at $n.handleRequestError (D:\\Track 1\\node_modules\\@prisma\\client\\runtime\\library.js:121:7315)\n    at $n.handleAndLogRequestError (D:\\Track 1\\node_modules\\@prisma\\client\\runtime\\library.js:121:6623)\n    at $n.request (D:\\Track 1\\node_modules\\@prisma\\client\\runtime\\library.js:121:6307)\n    at l (D:\\Track 1\\node_modules\\@prisma\\client\\runtime\\library.js:130:9633)\n    at D:\\Track 1\\apps\\alert-service\\src\\server.ts:97:25\n    at Runner.eachMessage (D:\\Track 1\\packages\\kafka\\src\\consumer.js:12:13)\n    at Runner.processEachMessage (D:\\Track 1\\node_modules\\kafkajs\\src\\consumer\\runner.js:231:9)\n    at onBatch (D:\\Track 1\\node_modules\\kafkajs\\src\\consumer\\runner.js:447:9)\n    at Runner.handleBatch (D:\\Track 1\\node_modules\\kafkajs\\src\\consumer\\runner.js:461:5)\n    at D:\\Track 1\\node_modules\\kafkajs\\src\\consumer\\worker.js:29:9","name":"PrismaClientKnownRequestError","code":"P2003","clientVersion":"5.22.0","meta":{"modelName":"Alert","field_name":"Alert_organizationId_fkey (index)"}},"tenantId":"anonymous","msg":"Failed to persist alert"}
{"level":50,"time":1780731239378,"pid":14808,"hostname":"Prakhar","err":{"type":"PrismaClientKnownRequestError","message":"\nInvalid `prisma.alert.create()` invocation in\nD:\\Track 1\\apps\\alert-service\\src\\server.ts:97:44\n\n  94 \n  95 if (triggerAlert && event.tenantId) {\n  96   try {\n→ 97     const alert = await prisma.alert.create(\nForeign key constraint violated: `Alert_organizationId_fkey (index)`","stack":"PrismaClientKnownRequestError: \nInvalid `prisma.alert.create()` invocation in\nD:\\Track 1\\apps\\alert-service\\src\\server.ts:97:44\n\n  94 \n  95 if (triggerAlert && event.tenantId) {\n  96   try {\n→ 97     const alert = await prisma.alert.create(\nForeign key constraint violated: `Alert_organizationId_fkey (index)`\n    at $n.handleRequestError (D:\\Track 1\\node_modules\\@prisma\\client\\runtime\\library.js:121:7315)\n    at $n.handleAndLogRequestError (D:\\Track 1\\node_modules\\@prisma\\client\\runtime\\library.js:121:6623)\n    at $n.request (D:\\Track 1\\node_modules\\@prisma\\client\\runtime\\library.js:121:6307)\n    at l (D:\\Track 1\\node_modules\\@prisma\\client\\runtime\\library.js:130:9633)\n    at D:\\Track 1\\apps\\alert-service\\src\\server.ts:97:25\n    at Runner.eachMessage (D:\\Track 1\\packages\\kafka\\src\\consumer.js:12:13)\n    at Runner.processEachMessage (D:\\Track 1\\node_modules\\kafkajs\\src\\consumer\\runner.js:231:9)\n    at onBatch (D:\\Track 1\\node_modules\\kafkajs\\src\\consumer\\runner.js:447:9)\n    at Runner.handleBatch (D:\\Track 1\\node_modules\\kafkajs\\src\\consumer\\runner.js:461:5)\n    at D:\\Track 1\\node_modules\\kafkajs\\src\\consumer\\worker.js:29:9","name":"PrismaClientKnownRequestError","code":"P2003","clientVersion":"5.22.0","meta":{"modelName":"Alert","field_name":"Alert_organizationId_fkey (index)"}},"tenantId":"anonymous","msg":"Failed to persist alert"}
{"level":30,"time":1780731249313,"pid":14808,"hostname":"Prakhar","reqId":"req-z","req":{"method":"OPTIONS","url":"/api/v1/alerts","host":"localhost:5003","remoteAddress":"127.0.0.1","remotePort":60241},"msg":"incoming request"}
{"level":30,"time":1780731249314,"pid":14808,"hostname":"Prakhar","reqId":"req-z","res":{"statusCode":204},"responseTime":1.5137999951839447,"msg":"request completed"}
{"level":30,"time":1780731249323,"pid":14808,"hostname":"Prakhar","reqId":"req-10","req":{"method":"GET","url":"/api/v1/alerts","host":"localhost:5003","remoteAddress":"127.0.0.1","remotePort":60241},"msg":"incoming request"}
{"level":30,"time":1780731249633,"pid":14808,"hostname":"Prakhar","reqId":"req-10","res":{"statusCode":200},"responseTime":309.1356000006199,"msg":"request completed"}
{"level":50,"time":1780731249699,"pid":14808,"hostname":"Prakhar","err":{"type":"PrismaClientKnownRequestError","message":"\nInvalid `prisma.alert.create()` invocation in\nD:\\Track 1\\apps\\alert-service\\src\\server.ts:97:44\n\n  94 \n  95 if (triggerAlert && event.tenantId) {\n  96   try {\n→ 97     const alert = await prisma.alert.create(\nForeign key constraint violated: `Alert_organizationId_fkey (index)`","stack":"PrismaClientKnownRequestError: \nInvalid `prisma.alert.create()` invocation in\nD:\\Track 1\\apps\\alert-service\\src\\server.ts:97:44\n\n  94 \n  95 if (triggerAlert && event.tenantId) {\n  96   try {\n→ 97     const alert = await prisma.alert.create(\nForeign key constraint violated: `Alert_organizationId_fkey (index)`\n    at $n.handleRequestError (D:\\Track 1\\node_modules\\@prisma\\client\\runtime\\library.js:121:7315)\n    at $n.handleAndLogRequestError (D:\\Track 1\\node_modules\\@prisma\\client\\runtime\\library.js:121:6623)\n    at $n.request (D:\\Track 1\\node_modules\\@prisma\\client\\runtime\\library.js:121:6307)\n    at l (D:\\Track 1\\node_modules\\@prisma\\client\\runtime\\library.js:130:9633)\n    at D:\\Track 1\\apps\\alert-service\\src\\server.ts:97:25\n    at Runner.eachMessage (D:\\Track 1\\packages\\kafka\\src\\consumer.js:12:13)\n    at Runner.processEachMessage (D:\\Track 1\\node_modules\\kafkajs\\src\\consumer\\runner.js:231:9)\n    at onBatch (D:\\Track 1\\node_modules\\kafkajs\\src\\consumer\\runner.js:447:9)\n    at Runner.handleBatch (D:\\Track 1\\node_modules\\kafkajs\\src\\consumer\\runner.js:461:5)\n    at D:\\Track 1\\node_modules\\kafkajs\\src\\consumer\\worker.js:29:9","name":"PrismaClientKnownRequestError","code":"P2003","clientVersion":"5.22.0","meta":{"modelName":"Alert","field_name":"Alert_organizationId_fkey (index)"}},"tenantId":"anonymous","msg":"Failed to persist alert"}
{"level":50,"time":1780731249707,"pid":14808,"hostname":"Prakhar","err":{"type":"PrismaClientKnownRequestError","message":"\nInvalid `prisma.alert.create()` invocation in\nD:\\Track 1\\apps\\alert-service\\src\\server.ts:97:44\n\n  94 \n  95 if (triggerAlert && event.tenantId) {\n  96   try {\n→ 97     const alert = await prisma.alert.create(\nForeign key constraint violated: `Alert_organizationId_fkey (index)`","stack":"PrismaClientKnownRequestError: \nInvalid `prisma.alert.create()` invocation in\nD:\\Track 1\\apps\\alert-service\\src\\server.ts:97:44\n\n  94 \n  95 if (triggerAlert && event.tenantId) {\n  96   try {\n→ 97     const alert = await prisma.alert.create(\nForeign key constraint violated: `Alert_organizationId_fkey (index)`\n    at $n.handleRequestError (D:\\Track 1\\node_modules\\@prisma\\client\\runtime\\library.js:121:7315)\n    at $n.handleAndLogRequestError (D:\\Track 1\\node_modules\\@prisma\\client\\runtime\\library.js:121:6623)\n    at $n.request (D:\\Track 1\\node_modules\\@prisma\\client\\runtime\\library.js:121:6307)\n    at l (D:\\Track 1\\node_modules\\@prisma\\client\\runtime\\library.js:130:9633)\n    at D:\\Track 1\\apps\\alert-service\\src\\server.ts:97:25\n    at Runner.eachMessage (D:\\Track 1\\packages\\kafka\\src\\consumer.js:12:13)\n    at Runner.processEachMessage (D:\\Track 1\\node_modules\\kafkajs\\src\\consumer\\runner.js:231:9)\n    at onBatch (D:\\Track 1\\node_modules\\kafkajs\\src\\consumer\\runner.js:447:9)\n    at Runner.handleBatch (D:\\Track 1\\node_modules\\kafkajs\\src\\consumer\\runner.js:461:5)\n    at D:\\Track 1\\node_modules\\kafkajs\\src\\consumer\\worker.js:29:9","name":"PrismaClientKnownRequestError","code":"P2003","clientVersion":"5.22.0","meta":{"modelName":"Alert","field_name":"Alert_organizationId_fkey (index)"}},"tenantId":"anonymous","msg":"Failed to persist alert"}
{"level":30,"time":1780731259312,"pid":14808,"hostname":"Prakhar","reqId":"req-11","req":{"method":"OPTIONS","url":"/api/v1/alerts","host":"localhost:5003","remoteAddress":"127.0.0.1","remotePort":60241},"msg":"incoming request"}
{"level":30,"time":1780731259313,"pid":14808,"hostname":"Prakhar","reqId":"req-11","res":{"statusCode":204},"responseTime":0.5591000020503998,"msg":"request completed"}
{"level":30,"time":1780731259318,"pid":14808,"hostname":"Prakhar","reqId":"req-12","req":{"method":"GET","url":"/api/v1/alerts","host":"localhost:5003","remoteAddress":"127.0.0.1","remotePort":60241},"msg":"incoming request"}
{"level":30,"time":1780731259325,"pid":14808,"hostname":"Prakhar","reqId":"req-12","res":{"statusCode":200},"responseTime":6.2067999839782715,"msg":"request completed"}
{"level":50,"time":1780731259350,"pid":14808,"hostname":"Prakhar","err":{"type":"PrismaClientKnownRequestError","message":"\nInvalid `prisma.alert.create()` invocation in\nD:\\Track 1\\apps\\alert-service\\src\\server.ts:97:44\n\n  94 \n  95 if (triggerAlert && event.tenantId) {\n  96   try {\n→ 97     const alert = await prisma.alert.create(\nForeign key constraint violated: `Alert_organizationId_fkey (index)`","stack":"PrismaClientKnownRequestError: \nInvalid `prisma.alert.create()` invocation in\nD:\\Track 1\\apps\\alert-service\\src\\server.ts:97:44\n\n  94 \n  95 if (triggerAlert && event.tenantId) {\n  96   try {\n→ 97     const alert = await prisma.alert.create(\nForeign key constraint violated: `Alert_organizationId_fkey (index)`\n    at $n.handleRequestError (D:\\Track 1\\node_modules\\@prisma\\client\\runtime\\library.js:121:7315)\n    at $n.handleAndLogRequestError (D:\\Track 1\\node_modules\\@prisma\\client\\runtime\\library.js:121:6623)\n    at $n.request (D:\\Track 1\\node_modules\\@prisma\\client\\runtime\\library.js:121:6307)\n    at l (D:\\Track 1\\node_modules\\@prisma\\client\\runtime\\library.js:130:9633)\n    at D:\\Track 1\\apps\\alert-service\\src\\server.ts:97:25\n    at Runner.eachMessage (D:\\Track 1\\packages\\kafka\\src\\consumer.js:12:13)\n    at Runner.processEachMessage (D:\\Track 1\\node_modules\\kafkajs\\src\\consumer\\runner.js:231:9)\n    at onBatch (D:\\Track 1\\node_modules\\kafkajs\\src\\consumer\\runner.js:447:9)\n    at Runner.handleBatch (D:\\Track 1\\node_modules\\kafkajs\\src\\consumer\\runner.js:461:5)\n    at D:\\Track 1\\node_modules\\kafkajs\\src\\consumer\\worker.js:29:9","name":"PrismaClientKnownRequestError","code":"P2003","clientVersion":"5.22.0","meta":{"modelName":"Alert","field_name":"Alert_organizationId_fkey (index)"}},"tenantId":"anonymous","msg":"Failed to persist alert"}
{"level":50,"time":1780731259362,"pid":14808,"hostname":"Prakhar","err":{"type":"PrismaClientKnownRequestError","message":"\nInvalid `prisma.alert.create()` invocation in\nD:\\Track 1\\apps\\alert-service\\src\\server.ts:97:44\n\n  94 \n  95 if (triggerAlert && event.tenantId) {\n  96   try {\n→ 97     const alert = await prisma.alert.create(\nForeign key constraint violated: `Alert_organizationId_fkey (index)`","stack":"PrismaClientKnownRequestError: \nInvalid `prisma.alert.create()` invocation in\nD:\\Track 1\\apps\\alert-service\\src\\server.ts:97:44\n\n  94 \n  95 if (triggerAlert && event.tenantId) {\n  96   try {\n→ 97     const alert = await prisma.alert.create(\nForeign key constraint violated: `Alert_organizationId_fkey (index)`\n    at $n.handleRequestError (D:\\Track 1\\node_modules\\@prisma\\client\\runtime\\library.js:121:7315)\n    at $n.handleAndLogRequestError (D:\\Track 1\\node_modules\\@prisma\\client\\runtime\\library.js:121:6623)\n    at $n.request (D:\\Track 1\\node_modules\\@prisma\\client\\runtime\\library.js:121:6307)\n    at l (D:\\Track 1\\node_modules\\@prisma\\client\\runtime\\library.js:130:9633)\n    at D:\\Track 1\\apps\\alert-service\\src\\server.ts:97:25\n    at Runner.eachMessage (D:\\Track 1\\packages\\kafka\\src\\consumer.js:12:13)\n    at Runner.processEachMessage (D:\\Track 1\\node_modules\\kafkajs\\src\\consumer\\runner.js:231:9)\n    at onBatch (D:\\Track 1\\node_modules\\kafkajs\\src\\consumer\\runner.js:447:9)\n    at Runner.handleBatch (D:\\Track 1\\node_modules\\kafkajs\\src\\consumer\\runner.js:461:5)\n    at D:\\Track 1\\node_modules\\kafkajs\\src\\consumer\\worker.js:29:9","name":"PrismaClientKnownRequestError","code":"P2003","clientVersion":"5.22.0","meta":{"modelName":"Alert","field_name":"Alert_organizationId_fkey (index)"}},"tenantId":"anonymous","msg":"Failed to persist alert"}
{"level":30,"time":1780731272578,"pid":14808,"hostname":"Prakhar","reqId":"req-13","req":{"method":"OPTIONS","url":"/api/v1/alerts","host":"localhost:5003","remoteAddress":"127.0.0.1","remotePort":60241},"msg":"incoming request"}
{"level":30,"time":1780731272581,"pid":14808,"hostname":"Prakhar","reqId":"req-13","res":{"statusCode":204},"responseTime":2.199799984693527,"msg":"request completed"}
{"level":30,"time":1780731272587,"pid":14808,"hostname":"Prakhar","reqId":"req-14","req":{"method":"GET","url":"/api/v1/alerts","host":"localhost:5003","remoteAddress":"127.0.0.1","remotePort":60241},"msg":"incoming request"}
{"level":30,"time":1780731272598,"pid":14808,"hostname":"Prakhar","reqId":"req-14","res":{"statusCode":200},"responseTime":11.099000006914139,"msg":"request completed"}
{"level":50,"time":1780731272646,"pid":14808,"hostname":"Prakhar","err":{"type":"PrismaClientKnownRequestError","message":"\nInvalid `prisma.alert.create()` invocation in\nD:\\Track 1\\apps\\alert-service\\src\\server.ts:97:44\n\n  94 \n  95 if (triggerAlert && event.tenantId) {\n  96   try {\n→ 97     const alert = await prisma.alert.create(\nForeign key constraint violated: `Alert_organizationId_fkey (index)`","stack":"PrismaClientKnownRequestError: \nInvalid `prisma.alert.create()` invocation in\nD:\\Track 1\\apps\\alert-service\\src\\server.ts:97:44\n\n  94 \n  95 if (triggerAlert && event.tenantId) {\n  96   try {\n→ 97     const alert = await prisma.alert.create(\nForeign key constraint violated: `Alert_organizationId_fkey (index)`\n    at $n.handleRequestError (D:\\Track 1\\node_modules\\@prisma\\client\\runtime\\library.js:121:7315)\n    at $n.handleAndLogRequestError (D:\\Track 1\\node_modules\\@prisma\\client\\runtime\\library.js:121:6623)\n    at $n.request (D:\\Track 1\\node_modules\\@prisma\\client\\runtime\\library.js:121:6307)\n    at l (D:\\Track 1\\node_modules\\@prisma\\client\\runtime\\library.js:130:9633)\n    at D:\\Track 1\\apps\\alert-service\\src\\server.ts:97:25\n    at Runner.eachMessage (D:\\Track 1\\packages\\kafka\\src\\consumer.js:12:13)\n    at Runner.processEachMessage (D:\\Track 1\\node_modules\\kafkajs\\src\\consumer\\runner.js:231:9)\n    at onBatch (D:\\Track 1\\node_modules\\kafkajs\\src\\consumer\\runner.js:447:9)\n    at Runner.handleBatch (D:\\Track 1\\node_modules\\kafkajs\\src\\consumer\\runner.js:461:5)\n    at D:\\Track 1\\node_modules\\kafkajs\\src\\consumer\\worker.js:29:9","name":"PrismaClientKnownRequestError","code":"P2003","clientVersion":"5.22.0","meta":{"modelName":"Alert","field_name":"Alert_organizationId_fkey (index)"}},"tenantId":"anonymous","msg":"Failed to persist alert"}
{"level":50,"time":1780731272779,"pid":14808,"hostname":"Prakhar","err":{"type":"PrismaClientKnownRequestError","message":"\nInvalid `prisma.alert.create()` invocation in\nD:\\Track 1\\apps\\alert-service\\src\\server.ts:97:44\n\n  94 \n  95 if (triggerAlert && event.tenantId) {\n  96   try {\n→ 97     const alert = await prisma.alert.create(\nForeign key constraint violated: `Alert_organizationId_fkey (index)`","stack":"PrismaClientKnownRequestError: \nInvalid `prisma.alert.create()` invocation in\nD:\\Track 1\\apps\\alert-service\\src\\server.ts:97:44\n\n  94 \n  95 if (triggerAlert && event.tenantId) {\n  96   try {\n→ 97     const alert = await prisma.alert.create(\nForeign key constraint violated: `Alert_organizationId_fkey (index)`\n    at $n.handleRequestError (D:\\Track 1\\node_modules\\@prisma\\client\\runtime\\library.js:121:7315)\n    at $n.handleAndLogRequestError (D:\\Track 1\\node_modules\\@prisma\\client\\runtime\\library.js:121:6623)\n    at $n.request (D:\\Track 1\\node_modules\\@prisma\\client\\runtime\\library.js:121:6307)\n    at l (D:\\Track 1\\node_modules\\@prisma\\client\\runtime\\library.js:130:9633)\n    at D:\\Track 1\\apps\\alert-service\\src\\server.ts:97:25\n    at Runner.eachMessage (D:\\Track 1\\packages\\kafka\\src\\consumer.js:12:13)\n    at Runner.processEachMessage (D:\\Track 1\\node_modules\\kafkajs\\src\\consumer\\runner.js:231:9)\n    at onBatch (D:\\Track 1\\node_modules\\kafkajs\\src\\consumer\\runner.js:447:9)\n    at Runner.handleBatch (D:\\Track 1\\node_modules\\kafkajs\\src\\consumer\\runner.js:461:5)\n    at D:\\Track 1\\node_modules\\kafkajs\\src\\consumer\\worker.js:29:9","name":"PrismaClientKnownRequestError","code":"P2003","clientVersion":"5.22.0","meta":{"modelName":"Alert","field_name":"Alert_organizationId_fkey (index)"}},"tenantId":"anonymous","msg":"Failed to persist alert"}
{"level":30,"time":1780731281722,"pid":14808,"hostname":"Prakhar","reqId":"req-15","req":{"method":"OPTIONS","url":"/api/v1/alerts","host":"localhost:5003","remoteAddress":"127.0.0.1","remotePort":60241},"msg":"incoming request"}
{"level":30,"time":1780731281782,"pid":14808,"hostname":"Prakhar","reqId":"req-15","res":{"statusCode":204},"responseTime":1.3539000153541565,"msg":"request completed"}
{"level":30,"time":1780731281783,"pid":14808,"hostname":"Prakhar","reqId":"req-16","req":{"method":"GET","url":"/api/v1/alerts","host":"localhost:5003","remoteAddress":"127.0.0.1","remotePort":60241},"msg":"incoming request"}
{"level":30,"time":1780731281835,"pid":14808,"hostname":"Prakhar","reqId":"req-16","res":{"statusCode":200},"responseTime":52.30659997463226,"msg":"request completed"}
{"level":50,"time":1780731282345,"pid":14808,"hostname":"Prakhar","err":{"type":"PrismaClientKnownRequestError","message":"\nInvalid `prisma.alert.create()` invocation in\nD:\\Track 1\\apps\\alert-service\\src\\server.ts:97:44\n\n  94 \n  95 if (triggerAlert && event.tenantId) {\n  96   try {\n→ 97     const alert = await prisma.alert.create(\nForeign key constraint violated: `Alert_organizationId_fkey (index)`","stack":"PrismaClientKnownRequestError: \nInvalid `prisma.alert.create()` invocation in\nD:\\Track 1\\apps\\alert-service\\src\\server.ts:97:44\n\n  94 \n  95 if (triggerAlert && event.tenantId) {\n  96   try {\n→ 97     const alert = await prisma.alert.create(\nForeign key constraint violated: `Alert_organizationId_fkey (index)`\n    at $n.handleRequestError (D:\\Track 1\\node_modules\\@prisma\\client\\runtime\\library.js:121:7315)\n    at $n.handleAndLogRequestError (D:\\Track 1\\node_modules\\@prisma\\client\\runtime\\library.js:121:6623)\n    at $n.request (D:\\Track 1\\node_modules\\@prisma\\client\\runtime\\library.js:121:6307)\n    at l (D:\\Track 1\\node_modules\\@prisma\\client\\runtime\\library.js:130:9633)\n    at D:\\Track 1\\apps\\alert-service\\src\\server.ts:97:25\n    at Runner.eachMessage (D:\\Track 1\\packages\\kafka\\src\\consumer.js:12:13)\n    at Runner.processEachMessage (D:\\Track 1\\node_modules\\kafkajs\\src\\consumer\\runner.js:231:9)\n    at onBatch (D:\\Track 1\\node_modules\\kafkajs\\src\\consumer\\runner.js:447:9)\n    at Runner.handleBatch (D:\\Track 1\\node_modules\\kafkajs\\src\\consumer\\runner.js:461:5)\n    at D:\\Track 1\\node_modules\\kafkajs\\src\\consumer\\worker.js:29:9","name":"PrismaClientKnownRequestError","code":"P2003","clientVersion":"5.22.0","meta":{"modelName":"Alert","field_name":"Alert_organizationId_fkey (index)"}},"tenantId":"anonymous","msg":"Failed to persist alert"}
{"level":50,"time":1780731282368,"pid":14808,"hostname":"Prakhar","err":{"type":"PrismaClientKnownRequestError","message":"\nInvalid `prisma.alert.create()` invocation in\nD:\\Track 1\\apps\\alert-service\\src\\server.ts:97:44\n\n  94 \n  95 if (triggerAlert && event.tenantId) {\n  96   try {\n→ 97     const alert = await prisma.alert.create(\nForeign key constraint violated: `Alert_organizationId_fkey (index)`","stack":"PrismaClientKnownRequestError: \nInvalid `prisma.alert.create()` invocation in\nD:\\Track 1\\apps\\alert-service\\src\\server.ts:97:44\n\n  94 \n  95 if (triggerAlert && event.tenantId) {\n  96   try {\n→ 97     const alert = await prisma.alert.create(\nForeign key constraint violated: `Alert_organizationId_fkey (index)`\n    at $n.handleRequestError (D:\\Track 1\\node_modules\\@prisma\\client\\runtime\\library.js:121:7315)\n    at $n.handleAndLogRequestError (D:\\Track 1\\node_modules\\@prisma\\client\\runtime\\library.js:121:6623)\n    at $n.request (D:\\Track 1\\node_modules\\@prisma\\client\\runtime\\library.js:121:6307)\n    at l (D:\\Track 1\\node_modules\\@prisma\\client\\runtime\\library.js:130:9633)\n    at D:\\Track 1\\apps\\alert-service\\src\\server.ts:97:25\n    at Runner.eachMessage (D:\\Track 1\\packages\\kafka\\src\\consumer.js:12:13)\n    at Runner.processEachMessage (D:\\Track 1\\node_modules\\kafkajs\\src\\consumer\\runner.js:231:9)\n    at onBatch (D:\\Track 1\\node_modules\\kafkajs\\src\\consumer\\runner.js:447:9)\n    at Runner.handleBatch (D:\\Track 1\\node_modules\\kafkajs\\src\\consumer\\runner.js:461:5)\n    at D:\\Track 1\\node_modules\\kafkajs\\src\\consumer\\worker.js:29:9","name":"PrismaClientKnownRequestError","code":"P2003","clientVersion":"5.22.0","meta":{"modelName":"Alert","field_name":"Alert_organizationId_fkey (index)"}},"tenantId":"anonymous","msg":"Failed to persist alert"}
{"level":30,"time":1780731289294,"pid":14808,"hostname":"Prakhar","reqId":"req-17","req":{"method":"OPTIONS","url":"/api/v1/alerts","host":"localhost:5003","remoteAddress":"127.0.0.1","remotePort":60241},"msg":"incoming request"}
{"level":30,"time":1780731289357,"pid":14808,"hostname":"Prakhar","reqId":"req-17","res":{"statusCode":204},"responseTime":29.819599986076355,"msg":"request completed"}
{"level":30,"time":1780731289405,"pid":14808,"hostname":"Prakhar","reqId":"req-18","req":{"method":"GET","url":"/api/v1/alerts","host":"localhost:5003","remoteAddress":"127.0.0.1","remotePort":60241},"msg":"incoming request"}
{"level":30,"time":1780731289436,"pid":14808,"hostname":"Prakhar","reqId":"req-18","res":{"statusCode":200},"responseTime":30.458799988031387,"msg":"request completed"}
{"level":50,"time":1780731289573,"pid":14808,"hostname":"Prakhar","err":{"type":"PrismaClientKnownRequestError","message":"\nInvalid `prisma.alert.create()` invocation in\nD:\\Track 1\\apps\\alert-service\\src\\server.ts:97:44\n\n  94 \n  95 if (triggerAlert && event.tenantId) {\n  96   try {\n→ 97     const alert = await prisma.alert.create(\nForeign key constraint violated: `Alert_organizationId_fkey (index)`","stack":"PrismaClientKnownRequestError: \nInvalid `prisma.alert.create()` invocation in\nD:\\Track 1\\apps\\alert-service\\src\\server.ts:97:44\n\n  94 \n  95 if (triggerAlert && event.tenantId) {\n  96   try {\n→ 97     const alert = await prisma.alert.create(\nForeign key constraint violated: `Alert_organizationId_fkey (index)`\n    at $n.handleRequestError (D:\\Track 1\\node_modules\\@prisma\\client\\runtime\\library.js:121:7315)\n    at $n.handleAndLogRequestError (D:\\Track 1\\node_modules\\@prisma\\client\\runtime\\library.js:121:6623)\n    at $n.request (D:\\Track 1\\node_modules\\@prisma\\client\\runtime\\library.js:121:6307)\n    at l (D:\\Track 1\\node_modules\\@prisma\\client\\runtime\\library.js:130:9633)\n    at D:\\Track 1\\apps\\alert-service\\src\\server.ts:97:25\n    at Runner.eachMessage (D:\\Track 1\\packages\\kafka\\src\\consumer.js:12:13)\n    at Runner.processEachMessage (D:\\Track 1\\node_modules\\kafkajs\\src\\consumer\\runner.js:231:9)\n    at onBatch (D:\\Track 1\\node_modules\\kafkajs\\src\\consumer\\runner.js:447:9)\n    at Runner.handleBatch (D:\\Track 1\\node_modules\\kafkajs\\src\\consumer\\runner.js:461:5)\n    at D:\\Track 1\\node_modules\\kafkajs\\src\\consumer\\worker.js:29:9","name":"PrismaClientKnownRequestError","code":"P2003","clientVersion":"5.22.0","meta":{"modelName":"Alert","field_name":"Alert_organizationId_fkey (index)"}},"tenantId":"anonymous","msg":"Failed to persist alert"}
{"level":50,"time":1780731289631,"pid":14808,"hostname":"Prakhar","err":{"type":"PrismaClientKnownRequestError","message":"\nInvalid `prisma.alert.create()` invocation in\nD:\\Track 1\\apps\\alert-service\\src\\server.ts:97:44\n\n  94 \n  95 if (triggerAlert && event.tenantId) {\n  96   try {\n→ 97     const alert = await prisma.alert.create(\nForeign key constraint violated: `Alert_organizationId_fkey (index)`","stack":"PrismaClientKnownRequestError: \nInvalid `prisma.alert.create()` invocation in\nD:\\Track 1\\apps\\alert-service\\src\\server.ts:97:44\n\n  94 \n  95 if (triggerAlert && event.tenantId) {\n  96   try {\n→ 97     const alert = await prisma.alert.create(\nForeign key constraint violated: `Alert_organizationId_fkey (index)`\n    at $n.handleRequestError (D:\\Track 1\\node_modules\\@prisma\\client\\runtime\\library.js:121:7315)\n    at $n.handleAndLogRequestError (D:\\Track 1\\node_modules\\@prisma\\client\\runtime\\library.js:121:6623)\n    at $n.request (D:\\Track 1\\node_modules\\@prisma\\client\\runtime\\library.js:121:6307)\n    at l (D:\\Track 1\\node_modules\\@prisma\\client\\runtime\\library.js:130:9633)\n    at D:\\Track 1\\apps\\alert-service\\src\\server.ts:97:25\n    at Runner.eachMessage (D:\\Track 1\\packages\\kafka\\src\\consumer.js:12:13)\n    at Runner.processEachMessage (D:\\Track 1\\node_modules\\kafkajs\\src\\consumer\\runner.js:231:9)\n    at onBatch (D:\\Track 1\\node_modules\\kafkajs\\src\\consumer\\runner.js:447:9)\n    at Runner.handleBatch (D:\\Track 1\\node_modules\\kafkajs\\src\\consumer\\runner.js:461:5)\n    at D:\\Track 1\\node_modules\\kafkajs\\src\\consumer\\worker.js:29:9","name":"PrismaClientKnownRequestError","code":"P2003","clientVersion":"5.22.0","meta":{"modelName":"Alert","field_name":"Alert_organizationId_fkey (index)"}},"tenantId":"anonymous","msg":"Failed to persist alert"}
{"level":30,"time":1780731299325,"pid":14808,"hostname":"Prakhar","reqId":"req-19","req":{"method":"OPTIONS","url":"/api/v1/alerts","host":"localhost:5003","remoteAddress":"127.0.0.1","remotePort":60241},"msg":"incoming request"}
{"level":30,"time":1780731299327,"pid":14808,"hostname":"Prakhar","reqId":"req-19","res":{"statusCode":204},"responseTime":1.4950000047683716,"msg":"request completed"}
{"level":30,"time":1780731299345,"pid":14808,"hostname":"Prakhar","reqId":"req-1a","req":{"method":"GET","url":"/api/v1/alerts","host":"localhost:5003","remoteAddress":"127.0.0.1","remotePort":60241},"msg":"incoming request"}
{"level":30,"time":1780731299384,"pid":14808,"hostname":"Prakhar","reqId":"req-1a","res":{"statusCode":200},"responseTime":38.078000009059906,"msg":"request completed"}
{"level":50,"time":1780731299451,"pid":14808,"hostname":"Prakhar","err":{"type":"PrismaClientKnownRequestError","message":"\nInvalid `prisma.alert.create()` invocation in\nD:\\Track 1\\apps\\alert-service\\src\\server.ts:97:44\n\n  94 \n  95 if (triggerAlert && event.tenantId) {\n  96   try {\n→ 97     const alert = await prisma.alert.create(\nForeign key constraint violated: `Alert_organizationId_fkey (index)`","stack":"PrismaClientKnownRequestError: \nInvalid `prisma.alert.create()` invocation in\nD:\\Track 1\\apps\\alert-service\\src\\server.ts:97:44\n\n  94 \n  95 if (triggerAlert && event.tenantId) {\n  96   try {\n→ 97     const alert = await prisma.alert.create(\nForeign key constraint violated: `Alert_organizationId_fkey (index)`\n    at $n.handleRequestError (D:\\Track 1\\node_modules\\@prisma\\client\\runtime\\library.js:121:7315)\n    at $n.handleAndLogRequestError (D:\\Track 1\\node_modules\\@prisma\\client\\runtime\\library.js:121:6623)\n    at $n.request (D:\\Track 1\\node_modules\\@prisma\\client\\runtime\\library.js:121:6307)\n    at l (D:\\Track 1\\node_modules\\@prisma\\client\\runtime\\library.js:130:9633)\n    at D:\\Track 1\\apps\\alert-service\\src\\server.ts:97:25\n    at Runner.eachMessage (D:\\Track 1\\packages\\kafka\\src\\consumer.js:12:13)\n    at Runner.processEachMessage (D:\\Track 1\\node_modules\\kafkajs\\src\\consumer\\runner.js:231:9)\n    at onBatch (D:\\Track 1\\node_modules\\kafkajs\\src\\consumer\\runner.js:447:9)\n    at Runner.handleBatch (D:\\Track 1\\node_modules\\kafkajs\\src\\consumer\\runner.js:461:5)\n    at D:\\Track 1\\node_modules\\kafkajs\\src\\consumer\\worker.js:29:9","name":"PrismaClientKnownRequestError","code":"P2003","clientVersion":"5.22.0","meta":{"modelName":"Alert","field_name":"Alert_organizationId_fkey (index)"}},"tenantId":"anonymous","msg":"Failed to persist alert"}
{"level":50,"time":1780731299469,"pid":14808,"hostname":"Prakhar","err":{"type":"PrismaClientKnownRequestError","message":"\nInvalid `prisma.alert.create()` invocation in\nD:\\Track 1\\apps\\alert-service\\src\\server.ts:97:44\n\n  94 \n  95 if (triggerAlert && event.tenantId) {\n  96   try {\n→ 97     const alert = await prisma.alert.create(\nForeign key constraint violated: `Alert_organizationId_fkey (index)`","stack":"PrismaClientKnownRequestError: \nInvalid `prisma.alert.create()` invocation in\nD:\\Track 1\\apps\\alert-service\\src\\server.ts:97:44\n\n  94 \n  95 if (triggerAlert && event.tenantId) {\n  96   try {\n→ 97     const alert = await prisma.alert.create(\nForeign key constraint violated: `Alert_organizationId_fkey (index)`\n    at $n.handleRequestError (D:\\Track 1\\node_modules\\@prisma\\client\\runtime\\library.js:121:7315)\n    at $n.handleAndLogRequestError (D:\\Track 1\\node_modules\\@prisma\\client\\runtime\\library.js:121:6623)\n    at $n.request (D:\\Track 1\\node_modules\\@prisma\\client\\runtime\\library.js:121:6307)\n    at l (D:\\Track 1\\node_modules\\@prisma\\client\\runtime\\library.js:130:9633)\n    at D:\\Track 1\\apps\\alert-service\\src\\server.ts:97:25\n    at Runner.eachMessage (D:\\Track 1\\packages\\kafka\\src\\consumer.js:12:13)\n    at Runner.processEachMessage (D:\\Track 1\\node_modules\\kafkajs\\src\\consumer\\runner.js:231:9)\n    at onBatch (D:\\Track 1\\node_modules\\kafkajs\\src\\consumer\\runner.js:447:9)\n    at Runner.handleBatch (D:\\Track 1\\node_modules\\kafkajs\\src\\consumer\\runner.js:461:5)\n    at D:\\Track 1\\node_modules\\kafkajs\\src\\consumer\\worker.js:29:9","name":"PrismaClientKnownRequestError","code":"P2003","clientVersion":"5.22.0","meta":{"modelName":"Alert","field_name":"Alert_organizationId_fkey (index)"}},"tenantId":"anonymous","msg":"Failed to persist alert"}
npm error Lifecycle script `dev` failed with error:
npm error code 4294967295
npm error path D:\Track 1\apps\alert-service
npm error workspace alert-service@1.0.0
npm error location D:\Track 1\apps\alert-service
npm error command failed
npm error command C:\WINDOWS\system32\cmd.exe /d /s /c ts-node-dev src/server.ts

D:\Track 1\apps\alert-service>